Component: Arm Compiler for Embedded 6.19 Tool: armlink [5e73cb00]

==============================================================================

Section Cross References

    startup_tm4c123.o(STACK) refers (Special) to heapauxi.o(.text) for __use_two_region_memory
    startup_tm4c123.o(HEAP) refers (Special) to heapauxi.o(.text) for __use_two_region_memory
    startup_tm4c123.o(RESET) refers (Special) to heapauxi.o(.text) for __use_two_region_memory
    startup_tm4c123.o(RESET) refers to startup_tm4c123.o(STACK) for __initial_sp
    startup_tm4c123.o(RESET) refers to startup_tm4c123.o(.text) for Reset_Handler
    startup_tm4c123.o(RESET) refers to timer0.o(.text) for TIMER0A_Handler
    startup_tm4c123.o(RESET) refers to timer1.o(.text) for TIMER1A_Handler
    startup_tm4c123.o(RESET) refers to texas.o(.text) for TIMER5A_Handler
    startup_tm4c123.o(.text) refers (Special) to heapauxi.o(.text) for __use_two_region_memory
    startup_tm4c123.o(.text) refers to __main.o(!!!main) for __main
    startup_tm4c123.o(.text) refers to startup_tm4c123.o(HEAP) for Heap_Mem
    startup_tm4c123.o(.text) refers to startup_tm4c123.o(STACK) for Stack_Mem
    main.o(.text) refers to main.o(.bss.chessBoard) for chessBoard
    main.o(.text) refers to chessboard.o(.text) for ChessBoard::ChessBoard()
    main.o(.text) refers to pll.o(.text) for PLL_Init(unsigned int)
    main.o(.text) refers to random.o(.text) for Random_Init(unsigned int)
    main.o(.text) refers to sound.o(.text) for Sound_Init()
    main.o(.text) refers to st7735.o(.text) for Output_Init()
    main.o(.text) refers to inputmanager.o(.text) for InputManager_Init(unsigned int)
    main.o(.text) refers to startup_tm4c123.o(.text) for EnableInterrupts
    main.o(.text) refers to uart.o(.text) for UART_CheckInbox()
    main.o(.ARM.exidx) refers to main.o(.text) for [Anonymous Symbol]
    main.o(.init_array) refers to main.o(.text) for _GLOBAL__sub_I_main.cpp
    dac.o(.ARM.exidx) refers to dac.o(.text) for [Anonymous Symbol]
    pll.o(.ARM.exidx) refers to pll.o(.text) for [Anonymous Symbol]
    random.o(.text) refers to random.o(.bss._ZL1M) for M
    random.o(.ARM.exidx) refers to random.o(.text) for [Anonymous Symbol]
    st7735.o(.text) refers to st7735.o(.rodata._ZL4Bcmd) for Bcmd
    st7735.o(.text) refers to st7735.o(.data.StTextColor) for StTextColor
    st7735.o(.text) refers to st7735.o(.bss._ZL8RowStart) for RowStart
    st7735.o(.text) refers to st7735.o(.bss._ZL8ColStart) for ColStart
    st7735.o(.text) refers to st7735.o(.bss.StX) for StX
    st7735.o(.text) refers to st7735.o(.bss.StY) for StY
    st7735.o(.text) refers to st7735.o(.data._ZL6_width) for _width
    st7735.o(.text) refers to st7735.o(.data._ZL7_height) for _height
    st7735.o(.text) refers to st7735.o(.rodata._ZL5Rcmd1) for Rcmd1
    st7735.o(.text) refers to st7735.o(.rodata._ZL10Rcmd2green) for Rcmd2green
    st7735.o(.text) refers to st7735.o(.rodata._ZL8Rcmd2red) for Rcmd2red
    st7735.o(.text) refers to st7735.o(.rodata._ZL5Rcmd3) for Rcmd3
    st7735.o(.text) refers to st7735.o(.bss._ZL8TabColor) for TabColor
    st7735.o(.text) refers to st7735.o(.rodata._ZL11smallCircle) for smallCircle
    st7735.o(.text) refers to st7735.o(.rodata._ZL6circle) for circle
    st7735.o(.text) refers to st7735.o(.rodata._ZL4Font) for Font
    st7735.o(.text) refers to st7735.o(.bss.Messageindex) for Messageindex
    st7735.o(.text) refers to st7735.o(.bss.Message) for Message
    st7735.o(.text) refers to st7735.o(.rodata.str1.1) for .L.str
    st7735.o(.text) refers to st7735.o(.bss._ZL8Rotation) for Rotation
    st7735.o(.text) refers to st7735.o(.bss.Ymax) for Ymax
    st7735.o(.text) refers to st7735.o(.bss.Ymin) for Ymin
    st7735.o(.text) refers to st7735.o(.bss.Yrange) for Yrange
    st7735.o(.text) refers to st7735.o(.bss.X) for X
    st7735.o(.text) refers to st7735.o(.bss.lastj) for lastj
    st7735.o(.text) refers to st7735.o(.rodata._ZL4dBfs) for dBfs
    st7735.o(.ARM.exidx) refers to st7735.o(.text) for [Anonymous Symbol]
    sound.o(.text) refers to dac.o(.text) for DAC_Init()
    sound.o(.text) refers to timer0.o(.text) for Timer0_Init(void (*)(), unsigned int)
    sound.o(.text) refers to sound.o(.bss.remaining) for remaining
    sound.o(.text) refers to sound.o(.bss.ptr) for ptr
    sound.o(.text) refers to sound.o(.rodata._ZL5Click) for Click
    sound.o(.text) refers to sound.o(.rodata._ZL4Move) for Move
    sound.o(.text) refers to sound.o(.rodata._ZL5Check) for Check
    sound.o(.text) refers to sound.o(.rodata._ZL7Capture) for Capture
    sound.o(.text) refers to sound.o(.rodata._ZL9Promotion) for Promotion
    sound.o(.text) refers to sound.o(.rodata._ZL9Checkmate) for Checkmate
    sound.o(.ARM.exidx) refers to sound.o(.text) for [Anonymous Symbol]
    timer0.o(.text) refers to timer0.o(.bss.PeriodicTask0) for PeriodicTask0
    timer0.o(.ARM.exidx) refers to timer0.o(.text) for [Anonymous Symbol]
[...]
    uart.o(.text) refers to uart.o(.bss._ZL12mailboxReady) for mailboxReady
    uart.o(.text) refers to uart.o(.bss._ZL7mailbox) for mailbox
    uart.o(.ARM.exidx) refers to uart.o(.text) for [Anonymous Symbol]
    texas.o(.text) refers to pll.o(.text) for PLL_Init(unsigned int)
    texas.o(.ARM.exidx) refers to texas.o(.text) for [Anonymous Symbol]
    inputmanager.o(.text) refers to inputmanager.o(.bss._ZL13millisPerTick) for millisPerTick
    inputmanager.o(.text) refers to inputmanager.o(.bss.inputData) for inputData
    inputmanager.o(.text) refers to inputmanager.o(.bss._ZL21btnBackAlreadyPressed) for btnBackAlreadyPressed
    inputmanager.o(.text) refers to inputmanager.o(.bss._ZL23btnSelectAlreadyPressed) for btnSelectAlreadyPressed
    inputmanager.o(.text) refers to inputmanager.o(.data._ZL11potInterval) for potInterval
    inputmanager.o(.text) refers to inputmanager.o(.data._ZL12numPositions) for numPositions
    inputmanager.o(.text) refers to inputmanager.o(.data._ZL10lastPotPos) for lastPotPos
    inputmanager.o(.text) refers to timer1.o(.text) for Timer1_Init(void (*)(), unsigned int)
    inputmanager.o(.ARM.exidx) refers to inputmanager.o(.text) for [Anonymous Symbol]
    chessboard.o(.text) refers to chessboard.o(.rodata._ZL12initialState) for initialState
    chessboard.o(.text) refers to inputmanager.o(.text) for InputManager_SetNumPotPositions(unsigned int)
    chessboard.o(.text) refers to chessboard.o(.rodata._ZL13ChessGraphics) for ChessGraphics
    chessboard.o(.text) refers to st7735.o(.text) for ST7735_DrawMaskedShape(short, short, bool const*, unsigned short, unsigned short, short, short)
    chessboard.o(.text) refers to chessboard.o(.rodata._ZL7knightX) for knightX
    chessboard.o(.text) refers to chessboard.o(.rodata._ZL7knightY) for knightY
    chessboard.o(.text) refers to chessboard.o(.rodata._ZL5kingX) for kingX
    chessboard.o(.text) refers to chessboard.o(.rodata._ZL5kingY) for kingY
    chessboard.o(.text) refers to sound.o(.text) for Sound_Check()
    chessboard.o(.text) refers to language.o(.text) for GetTranslatedString(StringTitle, Language)
    chessboard.o(.text) refers to chessboard.o(.rodata._ZL16promotionOptions) for promotionOptions
    chessboard.o(.ARM.exidx) refers to chessboard.o(.text) for [Anonymous Symbol]
    language.o(.text) refers to language.o(.data.stringData) for stringData
    language.o(.ARM.exidx) refers to language.o(.text) for [Anonymous Symbol]
    __main.o(!!!main) refers to __rtentry.o(.ARM.Collect$$rtentry$$00000000) for __rt_entry
    init_aeabi.o(.emb_text) refers (Special) to libinit2.o(.ARM.Collect$$libinit$$00000033) for __rt_lib_init_cpp_2
    init_aeabi.o(.init_array) refers (Special) to libinit2.o(.ARM.Collect$$libinit$$00000033) for __rt_lib_init_cpp_2
    init_aeabi.o(.dummy_text) refers (Special) to libinit2.o(.ARM.Collect$$libinit$$00000033) for __rt_lib_init_cpp_2
    init_aeabi.o(.text) refers (Special) to libinit2.o(.ARM.Collect$$libinit$$00000033) for __rt_lib_init_cpp_2
    init_aeabi.o(.ARM.exidx) refers (Special) to libinit2.o(.ARM.Collect$$libinit$$00000033) for __rt_lib_init_cpp_2
    init_aeabi.o(.ARM.exidx) refers to init_aeabi.o(.text) for .text
    __rtentry.o(.ARM.Collect$$rtentry$$00000000) refers (Special) to __rtentry2.o(.ARM.Collect$$rtentry$$0000000A) for __rt_entry_li
    __rtentry.o(.ARM.Collect$$rtentry$$00000000) refers (Special) to __rtentry2.o(.ARM.Collect$$rtentry$$0000000D) for __rt_entry_main
    __rtentry.o(.ARM.Collect$$rtentry$$00000000) refers (Special) to __rtentry2.o(.ARM.Collect$$rtentry$$0000000C) for __rt_entry_postli_1
    __rtentry.o(.ARM.Collect$$rtentry$$00000000) refers (Special) to __rtentry2.o(.ARM.Collect$$rtentry$$00000009) for __rt_entry_postsh_1
    __rtentry.o(.ARM.Collect$$rtentry$$00000000) refers (Special) to __rtentry2.o(.ARM.Collect$$rtentry$$00000002) for __rt_entry_presh_1
    __rtentry.o(.ARM.Collect$$rtentry$$00000000) refers (Special) to __rtentry4.o(.ARM.Collect$$rtentry$$00000004) for __rt_entry_sh
    libinit2.o(.ARM.Collect$$libinit$$00000012) refers to libinit2.o(.ARM.Collect$$libinit$$00000011) for .ARM.Collect$$libinit$$00000011
    libinit2.o(.ARM.Collect$$libinit$$00000014) refers to libinit2.o(.ARM.Collect$$libinit$$00000011) for .ARM.Collect$$libinit$$00000011
    libinit2.o(.ARM.Collect$$libinit$$00000016) refers to libinit2.o(.ARM.Collect$$libinit$$00000011) for .ARM.Collect$$libinit$$00000011
    libinit2.o(.ARM.Collect$$libinit$$00000018) refers to libinit2.o(.ARM.Collect$$libinit$$00000011) for .ARM.Collect$$libinit$$00000011
    libinit2.o(.ARM.Collect$$libinit$$0000001A) refers to libinit2.o(.ARM.Collect$$libinit$$00000011) for .ARM.Collect$$libinit$$00000011
    libinit2.o(.ARM.Collect$$libinit$$00000028) refers to argv_veneer.o(.emb_text) for __ARM_argv_veneer
    libinit2.o(.ARM.Collect$$libinit$$00000029) refers to argv_veneer.o(.emb_text) for __ARM_argv_veneer
    libinit2.o(.ARM.Collect$$libinit$$00000033) refers (Weak) to init_aeabi.o(.text) for __cpp_initialize__aeabi_
    __rtentry2.o(.ARM.Collect$$rtentry$$00000008) refers to boardinit2.o(.text) for _platform_post_stackheap_init
    __rtentry2.o(.ARM.Collect$$rtentry$$0000000A) refers to libinit.o(.ARM.Collect$$libinit$$00000000) for __rt_lib_init
    __rtentry2.o(.ARM.Collect$$rtentry$$0000000B) refers to boardinit3.o(.text) for _platform_post_lib_init
    __rtentry2.o(.ARM.Collect$$rtentry$$0000000D) refers to main.o(.text) for main
    __rtentry2.o(.ARM.Collect$$rtentry$$0000000D) refers to exit.o(.text) for exit
    __rtentry2.o(.ARM.exidx) refers to __rtentry2.o(.ARM.Collect$$rtentry$$00000001) for .ARM.Collect$$rtentry$$00000001
    __rtentry2.o(.ARM.exidx) refers to __rtentry2.o(.ARM.Collect$$rtentry$$00000008) for .ARM.Collect$$rtentry$$00000008
    __rtentry2.o(.ARM.exidx) refers to __rtentry2.o(.ARM.Collect$$rtentry$$0000000A) for .ARM.Collect$$rtentry$$0000000A
    __rtentry2.o(.ARM.exidx) refers to __rtentry2.o(.ARM.Collect$$rtentry$$0000000B) for .ARM.Collect$$rtentry$$0000000B
    __rtentry2.o(.ARM.exidx) refers to __rtentry2.o(.ARM.Collect$$rtentry$$0000000D) for .ARM.Collect$$rtentry$$0000000D
    __rtentry4.o(.ARM.Collect$$rtentry$$00000004) refers to sys_stackheap_outer.o(.text) for __user_setup_stackheap
    __rtentry4.o(.ARM.exidx) refers to __rtentry4.o(.ARM.Collect$$rtentry$$00000004) for .ARM.Collect$$rtentry$$00000004
    argv_veneer.o(.emb_text) refers to no_argv.o(.text) for __ARM_get_argv
    sys_stackheap_outer.o(.text) refers to libspace.o(.text) for __user_perproc_libspace
    sys_stackheap_outer.o(.text) refers to startup_tm4c123.o(.text) for __user_initial_stackheap
    exit.o(.text) refers to rtexit.o(.ARM.Collect$$rtexit$$00000000) for __rt_exit
    _get_argv_nomalloc.o(.text) refers (Special) to hrguard.o(.text) for __heap_region$guard
    _get_argv_nomalloc.o(.text) refers to defsig_rtmem_outer.o(.text) for __rt_SIGRTMEM
    _get_argv_nomalloc.o(.text) refers to sys_command.o(.text) for _sys_command_string
    libinit.o(.ARM.Collect$$libinit$$00000000) refers (Special) to libinit2.o(.ARM.Collect$$libinit$$00000030) for __rt_lib_init_alloca_1
    libinit.o(.ARM.Collect$$libinit$$00000000) refers (Special) to libinit2.o(.ARM.Collect$$libinit$$0000002E) for __rt_lib_init_argv_1
    libinit.o(.ARM.Collect$$libinit$$00000000) refers (Special) to libinit2.o(.ARM.Collect$$libinit$$0000001D) for __rt_lib_init_atexit_1
    libinit.o(.ARM.Collect$$libinit$$00000000) refers (Special) to libinit2.o(.ARM.Collect$$libinit$$00000023) for __rt_lib_init_clock_1
    libinit.o(.ARM.Collect$$libinit$$00000000) refers (Special) to libinit2.o(.ARM.Collect$$libinit$$00000034) for __rt_lib_init_cpp_1
    libinit.o(.ARM.Collect$$libinit$$00000000) refers (Special) to libinit2.o(.ARM.Collect$$libinit$$00000032) for __rt_lib_init_exceptions_1
    libinit.o(.ARM.Collect$$libinit$$00000000) refers (Special) to libinit2.o(.ARM.Collect$$libinit$$00000002) for __rt_lib_init_fp_1
    libinit.o(.ARM.Collect$$libinit$$00000000) refers (Special) to libinit2.o(.ARM.Collect$$libinit$$00000021) for __rt_lib_init_fp_trap_1
    libinit.o(.ARM.Collect$$libinit$$00000000) refers (Special) to libinit2.o(.ARM.Collect$$libinit$$00000025) for __rt_lib_init_getenv_1
    libinit.o(.ARM.Collect$$libinit$$00000000) refers (Special) to libinit2.o(.ARM.Collect$$libinit$$0000000C) for __rt_lib_init_heap_1
    libinit.o(.ARM.Collect$$libinit$$00000000) refers (Special) to libinit2.o(.ARM.Collect$$libinit$$00000013) for __rt_lib_init_lc_collate_1
    libinit.o(.ARM.Collect$$libinit$$00000000) refers (Special) to libinit2.o(.ARM.Collect$$libinit$$00000015) for __rt_lib_init_lc_ctype_1
    libinit.o(.ARM.Collect$$libinit$$00000000) refers (Special) to libinit2.o(.ARM.Collect$$libinit$$00000017) for __rt_lib_init_lc_monetary_1
    libinit.o(.ARM.Collect$$libinit$$00000000) refers (Special) to libinit2.o(.ARM.Collect$$libinit$$00000019) for __rt_lib_init_lc_numeric_1
    libinit.o(.ARM.Collect$$libinit$$00000000) refers (Special) to libinit2.o(.ARM.Collect$$libinit$$0000001B) for __rt_lib_init_lc_time_1
    libinit.o(.ARM.Collect$$libinit$$00000000) refers (Special) to libinit2.o(.ARM.Collect$$libinit$$00000006) for __rt_lib_init_preinit_1
    libinit.o(.ARM.Collect$$libinit$$00000000) refers (Special) to libinit2.o(.ARM.Collect$$libinit$$00000010) for __rt_lib_init_rand_1
    libinit.o(.ARM.Collect$$libinit$$00000000) refers (Special) to libinit2.o(.ARM.Collect$$libinit$$00000004) for __rt_lib_init_relocate_pie_1
    libinit.o(.ARM.Collect$$libinit$$00000000) refers (Special) to libinit2.o(.ARM.Collect$$libinit$$00000035) for __rt_lib_init_return
    libinit.o(.ARM.Collect$$libinit$$00000000) refers (Special) to libinit2.o(.ARM.Collect$$libinit$$0000001F) for __rt_lib_init_signal_1
    libinit.o(.ARM.Collect$$libinit$$00000000) refers (Special) to libinit2.o(.ARM.Collect$$libinit$$00000027) for __rt_lib_init_stdio_1
    libinit.o(.ARM.Collect$$libinit$$00000000) refers (Special) to libinit2.o(.ARM.Collect$$libinit$$0000000E) for __rt_lib_init_user_alloc_1
    sys_command.o(.text) refers (Special) to use_no_semi.o(.text) for __I$use$semihosting
    sys_command.o(.text) refers (Special) to indicate_semi.o(.text) for __semihosting_library_function
    sys_command_hlt.o(.text) refers (Special) to use_no_semi.o(.text) for __I$use$semihosting
    sys_command_hlt.o(.text) refers (Special) to indicate_semi.o(.text) for __semihosting_library_function
    libspace.o(.text) refers to libspace.o(.bss) for __libspace_start
    rtexit.o(.ARM.Collect$$rtexit$$00000000) refers (Special) to rtexit2.o(.ARM.Collect$$rtexit$$00000004) for __rt_exit_exit
    rtexit.o(.ARM.Collect$$rtexit$$00000000) refers (Special) to rtexit2.o(.ARM.Collect$$rtexit$$00000003) for __rt_exit_ls
    rtexit.o(.ARM.Collect$$rtexit$$00000000) refers (Special) to rtexit2.o(.ARM.Collect$$rtexit$$00000002) for __rt_exit_prels_1
    rtexit.o(.ARM.exidx) refers (Special) to rtexit2.o(.ARM.Collect$$rtexit$$00000004) for __rt_exit_exit
    rtexit.o(.ARM.exidx) refers (Special) to rtexit2.o(.ARM.Collect$$rtexit$$00000003) for __rt_exit_ls
    rtexit.o(.ARM.exidx) refers (Special) to rtexit2.o(.ARM.Collect$$rtexit$$00000002) for __rt_exit_prels_1
    rtexit.o(.ARM.exidx) refers to rtexit.o(.ARM.Collect$$rtexit$$00000000) for .ARM.Collect$$rtexit$$00000000
    defsig_rtmem_outer.o(.text) refers to defsig_rtmem_inner.o(.text) for __rt_SIGRTMEM_inner
    defsig_rtmem_outer.o(.text) refers to defsig_exit.o(.text) for __sig_exit
    defsig_rtmem_formal.o(.text) refers to rt_raise.o(.text) for __rt_raise
    rtexit2.o(.ARM.Collect$$rtexit$$00000003) refers to libshutdown.o(.ARM.Collect$$libshutdown$$00000000) for __rt_lib_shutdown
    rtexit2.o(.ARM.Collect$$rtexit$$00000004) refers to sys_exit.o(.text) for _sys_exit
    rtexit2.o(.ARM.exidx) refers to rtexit2.o(.ARM.Collect$$rtexit$$00000001) for .ARM.Collect$$rtexit$$00000001
    rtexit2.o(.ARM.exidx) refers to rtexit2.o(.ARM.Collect$$rtexit$$00000003) for .ARM.Collect$$rtexit$$00000003
    rtexit2.o(.ARM.exidx) refers to rtexit2.o(.ARM.Collect$$rtexit$$00000004) for .ARM.Collect$$rtexit$$00000004
    rt_raise.o(.text) refers to __raise.o(.text) for __raise
    rt_raise.o(.text) refers to sys_exit.o(.text) for _sys_exit
    defsig_exit.o(.text) refers to sys_exit.o(.text) for _sys_exit
    defsig_rtmem_inner.o(.text) refers to defsig_general.o(.text) for __default_signal_display
    sys_exit.o(.text) refers (Special) to use_no_semi.o(.text) for __I$use$semihosting
    sys_exit.o(.text) refers (Special) to indicate_semi.o(.text) for __semihosting_library_function
    sys_exit_hlt.o(.text) refers (Special) to use_no_semi.o(.text) for __I$use$semihosting
    sys_exit_hlt.o(.text) refers (Special) to indicate_semi.o(.text) for __semihosting_library_function
    __raise.o(.text) refers to defsig.o(CL$$defsig) for __default_signal_handler
    defsig_general.o(.text) refers to sys_wrch.o(.text) for _ttywrch
    libshutdown.o(.ARM.Collect$$libshutdown$$00000000) refers (Special) to libshutdown2.o(.ARM.Collect$$libshutdown$$00000002) for __rt_lib_shutdown_cpp_1
    libshutdown.o(.ARM.Collect$$libshutdown$$00000000) refers (Special) to libshutdown2.o(.ARM.Collect$$libshutdown$$00000007) for __rt_lib_shutdown_fp_trap_1
    libshutdown.o(.ARM.Collect$$libshutdown$$00000000) refers (Special) to libshutdown2.o(.ARM.Collect$$libshutdown$$0000000F) for __rt_lib_shutdown_heap_1
    libshutdown.o(.ARM.Collect$$libshutdown$$00000000) refers (Special) to libshutdown2.o(.ARM.Collect$$libshutdown$$00000010) for __rt_lib_shutdown_return
    libshutdown.o(.ARM.Collect$$libshutdown$$00000000) refers (Special) to libshutdown2.o(.ARM.Collect$$libshutdown$$0000000A) for __rt_lib_shutdown_signal_1
    libshutdown.o(.ARM.Collect$$libshutdown$$00000000) refers (Special) to libshutdown2.o(.ARM.Collect$$libshutdown$$00000004) for __rt_lib_shutdown_stdio_1
    libshutdown.o(.ARM.Collect$$libshutdown$$00000000) refers (Special) to libshutdown2.o(.ARM.Collect$$libshutdown$$0000000C) for __rt_lib_shutdown_user_alloc_1
    sys_wrch.o(.text) refers (Special) to use_no_semi.o(.text) for __I$use$semihosting
    sys_wrch.o(.text) refers (Special) to indicate_semi.o(.text) for __semihosting_library_function
    sys_wrch_hlt.o(.text) refers (Special) to use_no_semi.o(.text) for __I$use$semihosting
    sys_wrch_hlt.o(.text) refers (Special) to indicate_semi.o(.text) for __semihosting_library_function
    defsig.o(CL$$defsig) refers to defsig_rtmem_inner.o(.text) for __rt_SIGRTMEM_inner
    defsig_abrt_inner.o(.text) refers to defsig_general.o(.text) for __default_signal_display
    defsig_fpe_inner.o(.text) refers to defsig_general.o(.text) for __default_signal_display
    defsig_rtred_inner.o(.text) refers to defsig_general.o(.text) for __default_signal_display
    defsig_stak_inner.o(.text) refers to defsig_general.o(.text) for __default_signal_display
    defsig_pvfn_inner.o(.text) refers to defsig_general.o(.text) for __default_signal_display
    defsig_cppl_inner.o(.text) refers to defsig_general.o(.text) for __default_signal_display
    defsig_segv_inner.o(.text) refers to defsig_general.o(.text) for __default_signal_display
    defsig_other.o(.text) refers to defsig_general.o(.text) for __default_signal_display


==============================================================================

Removing Unused input sections from the image.

    Removing main.o(.ARM.exidx), (32 bytes).
    Removing main.o(.ARM.use_no_argv), (4 bytes).
    Removing dac.o(.ARM.exidx), (16 bytes).
    Removing pll.o(.ARM.exidx), (8 bytes).
    Removing random.o(.ARM.exidx), (24 bytes).
    Removing st7735.o(.ARM.exidx), (376 bytes).
    Removing sound.o(.ARM.exidx), (72 bytes).
    Removing timer0.o(.ARM.exidx), (16 bytes).
    Removing timer1.o(.ARM.exidx), (16 bytes).
    Removing uart.o(.ARM.exidx), (40 bytes).
    Removing texas.o(.ARM.exidx), (40 bytes).
    Removing inputmanager.o(.ARM.exidx), (32 bytes).
    Removing chessboard.o(.ARM.exidx), (112 bytes).
    Removing language.o(.ARM.exidx), (8 bytes).

14 unused section(s) (total 796 bytes) removed from the image.

==============================================================================

Image Symbol Table

    Local Symbols

    Symbol Name                              Value     Ov Type        Size  Object(Section)

    ../clib/angel/boardlib.s                 0x00000000   Number         0  boardinit1.o ABSOLUTE
    ../clib/angel/boardlib.s                 0x00000000   Number         0  boardinit2.o ABSOLUTE
    ../clib/angel/boardlib.s                 0x00000000   Number         0  boardinit3.o ABSOLUTE
    ../clib/angel/boardlib.s                 0x00000000   Number         0  boardshut.o ABSOLUTE
    ../clib/angel/dczerorl2.s                0x00000000   Number         0  __dczerorl2.o ABSOLUTE
    ../clib/angel/handlers.s                 0x00000000   Number         0  __scatter_zi.o ABSOLUTE
    ../clib/angel/kernel.s                   0x00000000   Number         0  __rtentry.o ABSOLUTE
    ../clib/angel/kernel.s                   0x00000000   Number         0  __rtentry2.o ABSOLUTE
    ../clib/angel/kernel.s                   0x00000000   Number         0  __rtentry4.o ABSOLUTE
    ../clib/angel/kernel.s                   0x00000000   Number         0  rtexit.o ABSOLUTE
    ../clib/angel/kernel.s                   0x00000000   Number         0  rtexit2.o ABSOLUTE
    ../clib/angel/rt.s                       0x00000000   Number         0  rt_raise.o ABSOLUTE
    ../clib/angel/scatter.s                  0x00000000   Number         0  __scatter.o ABSOLUTE
    ../clib/angel/startup.s                  0x00000000   Number         0  __main.o ABSOLUTE
    ../clib/angel/sys.s                      0x00000000   Number         0  sys_stackheap_outer.o ABSOLUTE
    ../clib/angel/sys.s                      0x00000000   Number         0  libspace.o ABSOLUTE
    ../clib/angel/sys.s                      0x00000000   Number         0  use_no_semi.o ABSOLUTE
    ../clib/angel/sys.s                      0x00000000   Number         0  indicate_semi.o ABSOLUTE
    ../clib/angel/sysapp.c                   0x00000000   Number         0  sys_command.o ABSOLUTE
    ../clib/angel/sysapp.c                   0x00000000   Number         0  sys_command_hlt.o ABSOLUTE
    ../clib/angel/sysapp.c                   0x00000000   Number         0  sys_exit.o ABSOLUTE
    ../clib/angel/sysapp.c                   0x00000000   Number         0  sys_exit_hlt.o ABSOLUTE
    ../clib/angel/sysapp.c                   0x00000000   Number         0  sys_wrch.o ABSOLUTE
    ../clib/angel/sysapp.c                   0x00000000   Number         0  sys_wrch_hlt.o ABSOLUTE
    ../clib/arm_runtime.c                    0x00000000   Number         0  init_aeabi.o ABSOLUTE
    ../clib/arm_runtime.c                    0x00000000   Number         0  init_aeabi.o ABSOLUTE
    ../clib/armsys.c                         0x00000000   Number         0  argv_veneer.o ABSOLUTE
    ../clib/armsys.c                         0x00000000   Number         0  argv_veneer.o ABSOLUTE
    ../clib/armsys.c                         0x00000000   Number         0  _get_argv_nomalloc.o ABSOLUTE
    ../clib/armsys.c                         0x00000000   Number         0  no_argv.o ABSOLUTE
    ../clib/heapalloc.c                      0x00000000   Number         0  hrguard.o ABSOLUTE
    ../clib/heapaux.c                        0x00000000   Number         0  heapauxi.o ABSOLUTE
    ../clib/libinit.s                        0x00000000   Number         0  libinit2.o ABSOLUTE
    ../clib/libinit.s                        0x00000000   Number         0  libinit.o ABSOLUTE
    ../clib/libinit.s                        0x00000000   Number         0  libshutdown.o ABSOLUTE
    ../clib/libinit.s                        0x00000000   Number         0  libshutdown2.o ABSOLUTE
    ../clib/r_arm_target.c                   0x00000000   Number         0  __ARM_resolve_target1.o ABSOLUTE
    ../clib/r_arm_target.c                   0x00000000   Number         0  __ARM_resolve_target1_abs32.o ABSOLUTE
    ../clib/signal.c                         0x00000000   Number         0  defsig_rtmem_outer.o ABSOLUTE
    ../clib/signal.c                         0x00000000   Number         0  defsig_rtmem_formal.o ABSOLUTE
    ../clib/signal.c                         0x00000000   Number         0  defsig_exit.o ABSOLUTE
    ../clib/signal.c                         0x00000000   Number         0  defsig_rtmem_inner.o ABSOLUTE
    ../clib/signal.c                         0x00000000   Number         0  __raise.o ABSOLUTE
    ../clib/signal.c                         0x00000000   Number         0  defsig_general.o ABSOLUTE
    ../clib/signal.c                         0x00000000   Number         0  defsig_abrt_inner.o ABSOLUTE
    ../clib/signal.c                         0x00000000   Number         0  defsig_fpe_inner.o ABSOLUTE
    ../clib/signal.c                         0x00000000   Number         0  defsig_rtred_inner.o ABSOLUTE
    ../clib/signal.c                         0x00000000   Number         0  defsig_stak_inner.o ABSOLUTE
    ../clib/signal.c                         0x00000000   Number         0  defsig_pvfn_inner.o ABSOLUTE
    ../clib/signal.c                         0x00000000   Number         0  defsig_cppl_inner.o ABSOLUTE
    ../clib/signal.c                         0x00000000   Number         0  defsig_segv_inner.o ABSOLUTE
    ../clib/signal.c                         0x00000000   Number         0  defsig_other.o ABSOLUTE
    ../clib/signal.s                         0x00000000   Number         0  defsig.o ABSOLUTE
    ../clib/stdlib.c                         0x00000000   Number         0  exit.o ABSOLUTE
    ../fplib/fpinit.s                        0x00000000   Number         0  fpinit.o ABSOLUTE
    ../fplib/fpinit_empty.s                  0x00000000   Number         0  fpinit_empty.o ABSOLUTE
    ChessBoard.cpp                           0x00000000   Number         0  chessboard.o ABSOLUTE
    DAC.cpp                                  0x00000000   Number         0  dac.o ABSOLUTE
    InputManager.cpp                         0x00000000   Number         0  inputmanager.o ABSOLUTE
    Language.cpp                             0x00000000   Number         0  language.o ABSOLUTE
    PLL.cpp                                  0x00000000   Number         0  pll.o ABSOLUTE
    ST7735.cpp                               0x00000000   Number         0  st7735.o ABSOLUTE
    Sound.cpp                                0x00000000   Number         0  sound.o ABSOLUTE
    TExaS.cpp                                0x00000000   Number         0  texas.o ABSOLUTE
    Timer0.cpp                               0x00000000   Number         0  timer0.o ABSOLUTE
    Timer1.cpp                               0x00000000   Number         0  timer1.o ABSOLUTE
    UART.cpp                                 0x00000000   Number         0  uart.o ABSOLUTE
    dc.s                                     0x00000000   Number         0  dc.o ABSOLUTE
    main.cpp                                 0x00000000   Number         0  main.o ABSOLUTE
    random.cpp                               0x00000000   Number         0  random.o ABSOLUTE
    startup_TM4C123.s                        0x00000000   Number         0  startup_tm4c123.o ABSOLUTE
    RESET                                    0x00000000   Section      620  startup_tm4c123.o(RESET)
    !!!main                                  0x0000026c   Section        8  __main.o(!!!main)
    !!!scatter                               0x00000274   Section       52  __scatter.o(!!!scatter)
    !!dczerorl2                              0x000002a8   Section       90  __dczerorl2.o(!!dczerorl2)
    !!handler_zi                             0x00000304   Section       28  __scatter_zi.o(!!handler_zi)
    .ARM.Collect$$libinit$$00000000          0x00000320   Section        2  libinit.o(.ARM.Collect$$libinit$$00000000)
    .ARM.Collect$$libinit$$00000002          0x00000322   Section        0  libinit2.o(.ARM.Collect$$libinit$$00000002)
    .ARM.Collect$$libinit$$00000004          0x00000322   Section        0  libinit2.o(.ARM.Collect$$libinit$$00000004)
    .ARM.Collect$$libinit$$00000006          0x00000322   Section        0  libinit2.o(.ARM.Collect$$libinit$$00000006)
    .ARM.Collect$$libinit$$0000000C          0x00000322   Section        0  libinit2.o(.ARM.Collect$$libinit$$0000000C)
    .ARM.Collect$$libinit$$0000000E          0x00000322   Section        0  libinit2.o(.ARM.Collect$$libinit$$0000000E)
    .ARM.Collect$$libinit$$00000010          0x00000322   Section        0  libinit2.o(.ARM.Collect$$libinit$$00000010)
    .ARM.Collect$$libinit$$00000013          0x00000322   Section        0  libinit2.o(.ARM.Collect$$libinit$$00000013)
    .ARM.Collect$$libinit$$00000015          0x00000322   Section        0  libinit2.o(.ARM.Collect$$libinit$$00000015)
    .ARM.Collect$$libinit$$00000017          0x00000322   Section        0  libinit2.o(.ARM.Collect$$libinit$$00000017)
    .ARM.Collect$$libinit$$00000019          0x00000322   Section        0  libinit2.o(.ARM.Collect$$libinit$$00000019)
    .ARM.Collect$$libinit$$0000001B          0x00000322   Section        0  libinit2.o(.ARM.Collect$$libinit$$0000001B)
    .ARM.Collect$$libinit$$0000001D          0x00000322   Section        0  libinit2.o(.ARM.Collect$$libinit$$0000001D)
    .ARM.Collect$$libinit$$0000001F          0x00000322   Section        0  libinit2.o(.ARM.Collect$$libinit$$0000001F)
    .ARM.Collect$$libinit$$00000021          0x00000322   Section        0  libinit2.o(.ARM.Collect$$libinit$$00000021)
    .ARM.Collect$$libinit$$00000023          0x00000322   Section        0  libinit2.o(.ARM.Collect$$libinit$$00000023)
    .ARM.Collect$$libinit$$00000025          0x00000322   Section        0  libinit2.o(.ARM.Collect$$libinit$$00000025)
    .ARM.Collect$$libinit$$00000027          0x00000322   Section        0  libinit2.o(.ARM.Collect$$libinit$$00000027)
    .ARM.Collect$$libinit$$0000002E          0x00000322   Section        0  libinit2.o(.ARM.Collect$$libinit$$0000002E)
    .ARM.Collect$$libinit$$00000030          0x00000322   Section        0  libinit2.o(.ARM.Collect$$libinit$$00000030)
    .ARM.Collect$$libinit$$00000032          0x00000322   Section        0  libinit2.o(.ARM.Collect$$libinit$$00000032)
    .ARM.Collect$$libinit$$00000033          0x00000322   Section        4  libinit2.o(.ARM.Collect$$libinit$$00000033)
    .ARM.Collect$$libinit$$00000034          0x00000326   Section        0  libinit2.o(.ARM.Collect$$libinit$$00000034)
    .ARM.Collect$$libinit$$00000035          0x00000326   Section        2  libinit2.o(.ARM.Collect$$libinit$$00000035)
    .ARM.Collect$$libshutdown$$00000000      0x00000328   Section        2  libshutdown.o(.ARM.Collect$$libshutdown$$00000000)
    .ARM.Collect$$libshutdown$$00000002      0x0000032a   Section        0  libshutdown2.o(.ARM.Collect$$libshutdown$$00000002)
    .ARM.Collect$$libshutdown$$00000004      0x0000032a   Section        0  libshutdown2.o(.ARM.Collect$$libshutdown$$00000004)
    .ARM.Collect$$libshutdown$$00000007      0x0000032a   Section        0  libshutdown2.o(.ARM.Collect$$libshutdown$$00000007)
    .ARM.Collect$$libshutdown$$0000000A      0x0000032a   Section        0  libshutdown2.o(.ARM.Collect$$libshutdown$$0000000A)
    .ARM.Collect$$libshutdown$$0000000C      0x0000032a   Section        0  libshutdown2.o(.ARM.Collect$$libshutdown$$0000000C)
    .ARM.Collect$$libshutdown$$0000000F      0x0000032a   Section        0  libshutdown2.o(.ARM.Collect$$libshutdown$$0000000F)
    .ARM.Collect$$libshutdown$$00000010      0x0000032a   Section        2  libshutdown2.o(.ARM.Collect$$libshutdown$$00000010)
    .ARM.Collect$$rtentry$$00000000          0x0000032c   Section        0  __rtentry.o(.ARM.Collect$$rtentry$$00000000)
    .ARM.Collect$$rtentry$$00000002          0x0000032c   Section        0  __rtentry2.o(.ARM.Collect$$rtentry$$00000002)
    .ARM.Collect$$rtentry$$00000004          0x0000032c   Section        6  __rtentry4.o(.ARM.Collect$$rtentry$$00000004)
    .ARM.Collect$$rtentry$$00000009          0x00000332   Section        0  __rtentry2.o(.ARM.Collect$$rtentry$$00000009)
    .ARM.Collect$$rtentry$$0000000A          0x00000332   Section        4  __rtentry2.o(.ARM.Collect$$rtentry$$0000000A)
    .ARM.Collect$$rtentry$$0000000C          0x00000336   Section        0  __rtentry2.o(.ARM.Collect$$rtentry$$0000000C)
    .ARM.Collect$$rtentry$$0000000D          0x00000336   Section        8  __rtentry2.o(.ARM.Collect$$rtentry$$0000000D)
    .ARM.Collect$$rtexit$$00000000           0x0000033e   Section        2  rtexit.o(.ARM.Collect$$rtexit$$00000000)
    .ARM.Collect$$rtexit$$00000002           0x00000340   Section        0  rtexit2.o(.ARM.Collect$$rtexit$$00000002)
    .ARM.Collect$$rtexit$$00000003           0x00000340   Section        4  rtexit2.o(.ARM.Collect$$rtexit$$00000003)
    .ARM.Collect$$rtexit$$00000004           0x00000344   Section        6  rtexit2.o(.ARM.Collect$$rtexit$$00000004)
    .text                                    0x0000034c   Section      296  startup_tm4c123.o(.text)
    __cxx_global_var_init                    0x00000475   Thumb Code    16  main.o(.text)
    [Anonymous Symbol]                       0x00000474   Section        0  main.o(.text)
    _GLOBAL__sub_I_main.cpp                  0x000004e9   Thumb Code     8  main.o(.text)
    [Anonymous Symbol]                       0x000004f0   Section        0  dac.o(.text)
    [Anonymous Symbol]                       0x00000554   Section        0  pll.o(.text)
    [Anonymous Symbol]                       0x000005e0   Section        0  random.o(.text)
    [Anonymous Symbol]                       0x0000063c   Section        0  st7735.o(.text)
    commonInit(unsigned char const*)         0x000006a1   Thumb Code   418  st7735.o(.text)
    commandList(unsigned char const*)        0x00000959   Thumb Code   170  st7735.o(.text)
    writecommand(unsigned char)              0x00000a05   Thumb Code    90  st7735.o(.text)
    writedata(unsigned char)                 0x00000a61   Thumb Code    58  st7735.o(.text)
    setAddrWindow(unsigned char, unsigned char, unsigned char, unsigned char) 0x00000b11   Thumb Code   148  st7735.o(.text)
    pushColor(unsigned short)                0x00000ba5   Thumb Code    28  st7735.o(.text)
    deselect()                               0x00000bc1   Thumb Code    36  st7735.o(.text)
    [Anonymous Symbol]                       0x000024d4   Section        0  sound.o(.text)
    Sound_Periodic()                         0x000024ed   Thumb Code    72  sound.o(.text)
    Sound_Play(unsigned char const*, unsigned int) 0x0000255d   Thumb Code    34  sound.o(.text)
    [Anonymous Symbol]                       0x000025e4   Section        0  timer0.o(.text)
    [Anonymous Symbol]                       0x0000268c   Section        0  timer1.o(.text)
    [Anonymous Symbol]                       0x00002744   Section        0  uart.o(.text)
    checkForNewData()                        0x0000282d   Thumb Code     2  uart.o(.text)
    [Anonymous Symbol]                       0x00002848   Section        0  texas.o(.text)
    [Anonymous Symbol]                       0x00002ad4   Section        0  inputmanager.o(.text)
    [Anonymous Symbol]                       0x00002e2c   Section        0  chessboard.o(.text)
    [Anonymous Symbol]                       0x00004fe4   Section        0  language.o(.text)
    .text                                    0x0000500e   Section        0  heapauxi.o(.text)
    .text                                    0x00005014   Section        0  init_aeabi.o(.text)
    .text                                    0x00005038   Section       74  sys_stackheap_outer.o(.text)
    .text                                    0x00005082   Section        0  exit.o(.text)
    .text                                    0x00005094   Section        8  libspace.o(.text)
    .text                                    0x0000509c   Section        2  use_no_semi.o(.text)
    .text                                    0x0000509e   Section        0  indicate_semi.o(.text)
    .text                                    0x000050a0   Section        0  sys_exit.o(.text)
    Rcmd2green                               0x000050ac   Data          13  st7735.o(.rodata._ZL10Rcmd2green)
    [Anonymous Symbol]                       0x000050ac   Section        0  st7735.o(.rodata._ZL10Rcmd2green)
    smallCircle                              0x000050ba   Data          36  st7735.o(.rodata._ZL11smallCircle)
    [Anonymous Symbol]                       0x000050ba   Section        0  st7735.o(.rodata._ZL11smallCircle)
    initialState                             0x000050de   Data          64  chessboard.o(.rodata._ZL12initialState)
    [Anonymous Symbol]                       0x000050de   Section        0  chessboard.o(.rodata._ZL12initialState)
    ChessGraphics                            0x0000511e   Data        1372  chessboard.o(.rodata._ZL13ChessGraphics)
    [Anonymous Symbol]                       0x0000511e   Section        0  chessboard.o(.rodata._ZL13ChessGraphics)
    promotionOptions                         0x0000567a   Data           4  chessboard.o(.rodata._ZL16promotionOptions)
    [Anonymous Symbol]                       0x0000567a   Section        0  chessboard.o(.rodata._ZL16promotionOptions)
    Bcmd                                     0x0000567e   Data         103  st7735.o(.rodata._ZL4Bcmd)
    [Anonymous Symbol]                       0x0000567e   Section        0  st7735.o(.rodata._ZL4Bcmd)
    Font                                     0x000056e5   Data        1275  st7735.o(.rodata._ZL4Font)
    [Anonymous Symbol]                       0x000056e5   Section        0  st7735.o(.rodata._ZL4Font)
    Move                                     0x00005be0   Data        1157  sound.o(.rodata._ZL4Move)
    [Anonymous Symbol]                       0x00005be0   Section        0  sound.o(.rodata._ZL4Move)
    dBfs                                     0x00006065   Data         512  st7735.o(.rodata._ZL4dBfs)
    [Anonymous Symbol]                       0x00006065   Section        0  st7735.o(.rodata._ZL4dBfs)
    Check                                    0x00006265   Data        1914  sound.o(.rodata._ZL5Check)
    [Anonymous Symbol]                       0x00006265   Section        0  sound.o(.rodata._ZL5Check)
    Click                                    0x000069df   Data         540  sound.o(.rodata._ZL5Click)
    [Anonymous Symbol]                       0x000069df   Section        0  sound.o(.rodata._ZL5Click)
    Rcmd1                                    0x00006bfb   Data          59  st7735.o(.rodata._ZL5Rcmd1)
    [Anonymous Symbol]                       0x00006bfb   Section        0  st7735.o(.rodata._ZL5Rcmd1)
    Rcmd3                                    0x00006c36   Data          43  st7735.o(.rodata._ZL5Rcmd3)
    [Anonymous Symbol]                       0x00006c36   Section        0  st7735.o(.rodata._ZL5Rcmd3)
    kingX                                    0x00006c61   Data           8  chessboard.o(.rodata._ZL5kingX)
    [Anonymous Symbol]                       0x00006c61   Section        0  chessboard.o(.rodata._ZL5kingX)
    kingY                                    0x00006c69   Data           8  chessboard.o(.rodata._ZL5kingY)
    [Anonymous Symbol]                       0x00006c69   Section        0  chessboard.o(.rodata._ZL5kingY)
    circle                                   0x00006c72   Data          60  st7735.o(.rodata._ZL6circle)
    [Anonymous Symbol]                       0x00006c72   Section        0  st7735.o(.rodata._ZL6circle)
    Capture                                  0x00006cae   Data        5166  sound.o(.rodata._ZL7Capture)
    [Anonymous Symbol]                       0x00006cae   Section        0  sound.o(.rodata._ZL7Capture)
    knightX                                  0x000080dc   Data           8  chessboard.o(.rodata._ZL7knightX)
    [Anonymous Symbol]                       0x000080dc   Section        0  chessboard.o(.rodata._ZL7knightX)
    knightY                                  0x000080e4   Data           8  chessboard.o(.rodata._ZL7knightY)
    [Anonymous Symbol]                       0x000080e4   Section        0  chessboard.o(.rodata._ZL7knightY)
    Rcmd2red                                 0x000080ec   Data          13  st7735.o(.rodata._ZL8Rcmd2red)
    [Anonymous Symbol]                       0x000080ec   Section        0  st7735.o(.rodata._ZL8Rcmd2red)
    Checkmate                                0x000080f9   Data        2429  sound.o(.rodata._ZL9Checkmate)
    [Anonymous Symbol]                       0x000080f9   Section        0  sound.o(.rodata._ZL9Checkmate)
    Promotion                                0x00008a76   Data        2197  sound.o(.rodata._ZL9Promotion)
    [Anonymous Symbol]                       0x00008a76   Section        0  sound.o(.rodata._ZL9Promotion)
    .L.str.1                                 0x0000930b   Data          22  st7735.o(.rodata.str1.1)
    [Anonymous Symbol]                       0x0000930b   Section        0  st7735.o(.rodata.str1.1)
    .L.str                                   0x00009321   Data           6  st7735.o(.rodata.str1.1)
    .init_array                              0x0000934c   Section        0  init_aeabi.o(.init_array)
    lastPotPos                               0x20000004   Data           4  inputmanager.o(.data._ZL10lastPotPos)
    [Anonymous Symbol]                       0x20000004   Section        0  inputmanager.o(.data._ZL10lastPotPos)
    potInterval                              0x20000008   Data           4  inputmanager.o(.data._ZL11potInterval)
    [Anonymous Symbol]                       0x20000008   Section        0  inputmanager.o(.data._ZL11potInterval)
    numPositions                             0x2000000c   Data           4  inputmanager.o(.data._ZL12numPositions)
    [Anonymous Symbol]                       0x2000000c   Section        0  inputmanager.o(.data._ZL12numPositions)
    _width                                   0x20000010   Data           2  st7735.o(.data._ZL6_width)
    [Anonymous Symbol]                       0x20000010   Section        0  st7735.o(.data._ZL6_width)
    _height                                  0x20000012   Data           2  st7735.o(.data._ZL7_height)
    [Anonymous Symbol]                       0x20000012   Section        0  st7735.o(.data._ZL7_height)
    .bss                                     0x20000590   Section       96  libspace.o(.bss)
    mailboxReady                             0x20000620   Data           1  uart.o(.bss._ZL12mailboxReady)
    [Anonymous Symbol]                       0x20000620   Section        0  uart.o(.bss._ZL12mailboxReady)
    millisPerTick                            0x20000624   Data           4  inputmanager.o(.bss._ZL13millisPerTick)
    [Anonymous Symbol]                       0x20000624   Section        0  inputmanager.o(.bss._ZL13millisPerTick)
    M                                        0x20000628   Data           4  random.o(.bss._ZL1M)
    [Anonymous Symbol]                       0x20000628   Section        0  random.o(.bss._ZL1M)
    btnBackAlreadyPressed                    0x2000062c   Data           1  inputmanager.o(.bss._ZL21btnBackAlreadyPressed)
    [Anonymous Symbol]                       0x2000062c   Section        0  inputmanager.o(.bss._ZL21btnBackAlreadyPressed)
    btnSelectAlreadyPressed                  0x2000062d   Data           1  inputmanager.o(.bss._ZL23btnSelectAlreadyPressed)
    [Anonymous Symbol]                       0x2000062d   Section        0  inputmanager.o(.bss._ZL23btnSelectAlreadyPressed)
    mailbox                                  0x20000630   Data           4  uart.o(.bss._ZL7mailbox)
    [Anonymous Symbol]                       0x20000630   Section        0  uart.o(.bss._ZL7mailbox)
    ColStart                                 0x20000634   Data           1  st7735.o(.bss._ZL8ColStart)
    [Anonymous Symbol]                       0x20000634   Section        0  st7735.o(.bss._ZL8ColStart)
    Rotation                                 0x20000635   Data           1  st7735.o(.bss._ZL8Rotation)
    [Anonymous Symbol]                       0x20000635   Section        0  st7735.o(.bss._ZL8Rotation)
    RowStart                                 0x20000636   Data           1  st7735.o(.bss._ZL8RowStart)
    [Anonymous Symbol]                       0x20000636   Section        0  st7735.o(.bss._ZL8RowStart)
    TabColor                                 0x20000637   Data           1  st7735.o(.bss._ZL8TabColor)
    [Anonymous Symbol]                       0x20000637   Section        0  st7735.o(.bss._ZL8TabColor)
    Heap_Mem                                 0x20000740   Data        1024  startup_tm4c123.o(HEAP)
    HEAP                                     0x20000740   Section     1024  startup_tm4c123.o(HEAP)
    Stack_Mem                                0x20000b40   Data        1024  startup_tm4c123.o(STACK)
    STACK                                    0x20000b40   Section     1024  startup_tm4c123.o(STACK)
    __initial_sp                             0x20000f40   Data           0  startup_tm4c123.o(STACK)

    Global Symbols

    Symbol Name                              Value     Ov Type        Size  Object(Section)

    BuildAttributes$$THM_ISAv4$E$P$D$K$B$S$7EM$PE$A:L22UL41UL21$X:L11$S22US41US21$IEEE1$IW$~IW$USESV6$~STKCKD$USESV7$~SHL$OSPACE$ROPI$EBA8$UX$STANDARDLIB$REQ8$PRES8$EABIv2 0x00000000   Number         0  anon$$obj.o ABSOLUTE
    __Vectors                                0x00000000   Data           4  startup_tm4c123.o(RESET)
    __fp_init_empty                          0x00000000   Number         0  fpinit_empty.o ABSOLUTE
    __ARM_exceptions_init                     - Undefined Weak Reference
    __alloca_initialize                       - Undefined Weak Reference
    __arm_preinit_                            - Undefined Weak Reference
    __arm_relocate_pie_                       - Undefined Weak Reference
    __cxa_finalize                            - Undefined Weak Reference
    __rt_locale                               - Undefined Weak Reference
    __sigvec_lookup                           - Undefined Weak Reference
    _atexit_init                              - Undefined Weak Reference
    _call_atexit_fns                          - Undefined Weak Reference
    _clock_init                               - Undefined Weak Reference
    _fp_trap_init                             - Undefined Weak Reference
    _fp_trap_shutdown                         - Undefined Weak Reference
    _get_lc_collate                           - Undefined Weak Reference
    _get_lc_ctype                             - Undefined Weak Reference
    _get_lc_monetary                          - Undefined Weak Reference
    _get_lc_numeric                           - Undefined Weak Reference
    _get_lc_time                              - Undefined Weak Reference
    _getenv_init                              - Undefined Weak Reference
    _handle_redirection                       - Undefined Weak Reference
    _init_alloc                               - Undefined Weak Reference
    _init_user_alloc                          - Undefined Weak Reference
    _initio                                   - Undefined Weak Reference
    _rand_init                                - Undefined Weak Reference
    _signal_finish                            - Undefined Weak Reference
    _signal_init                              - Undefined Weak Reference
    _terminate_alloc                          - Undefined Weak Reference
    _terminate_user_alloc                     - Undefined Weak Reference
    _terminateio                              - Undefined Weak Reference
    __Vectors_End                            0x0000026c   Data           0  startup_tm4c123.o(RESET)
    __Vectors_Size                           0x0000026c   Number         0  startup_tm4c123.o ABSOLUTE
    __main                                   0x0000026d   Thumb Code     8  __main.o(!!!main)
    __scatterload                            0x00000275   Thumb Code     0  __scatter.o(!!!scatter)
    __scatterload_rt2                        0x00000275   Thumb Code    44  __scatter.o(!!!scatter)
    __scatterload_rt2_thumb_only             0x00000275   Thumb Code     0  __scatter.o(!!!scatter)
    __scatterload_null                       0x00000283   Thumb Code     0  __scatter.o(!!!scatter)
    __decompress                             0x000002a9   Thumb Code    90  __dczerorl2.o(!!dczerorl2)
    __decompress1                            0x000002a9   Thumb Code     0  __dczerorl2.o(!!dczerorl2)
    __scatterload_zeroinit                   0x00000305   Thumb Code    28  __scatter_zi.o(!!handler_zi)
    __rt_lib_init                            0x00000321   Thumb Code     0  libinit.o(.ARM.Collect$$libinit$$00000000)
    __rt_lib_init_alloca_1                   0x00000323   Thumb Code     0  libinit2.o(.ARM.Collect$$libinit$$00000030)
    __rt_lib_init_argv_1                     0x00000323   Thumb Code     0  libinit2.o(.ARM.Collect$$libinit$$0000002E)
    __rt_lib_init_atexit_1                   0x00000323   Thumb Code     0  libinit2.o(.ARM.Collect$$libinit$$0000001D)
    __rt_lib_init_clock_1                    0x00000323   Thumb Code     0  libinit2.o(.ARM.Collect$$libinit$$00000023)
    __rt_lib_init_cpp_2                      0x00000323   Thumb Code     0  libinit2.o(.ARM.Collect$$libinit$$00000033)
    __rt_lib_init_exceptions_1               0x00000323   Thumb Code     0  libinit2.o(.ARM.Collect$$libinit$$00000032)
    __rt_lib_init_fp_1                       0x00000323   Thumb Code     0  libinit2.o(.ARM.Collect$$libinit$$00000002)
    __rt_lib_init_fp_trap_1                  0x00000323   Thumb Code     0  libinit2.o(.ARM.Collect$$libinit$$00000021)
    __rt_lib_init_getenv_1                   0x00000323   Thumb Code     0  libinit2.o(.ARM.Collect$$libinit$$00000025)
    __rt_lib_init_heap_1                     0x00000323   Thumb Code     0  libinit2.o(.ARM.Collect$$libinit$$0000000C)
    __rt_lib_init_lc_collate_1               0x00000323   Thumb Code     0  libinit2.o(.ARM.Collect$$libinit$$00000013)
    __rt_lib_init_lc_ctype_1                 0x00000323   Thumb Code     0  libinit2.o(.ARM.Collect$$libinit$$00000015)
    __rt_lib_init_lc_monetary_1              0x00000323   Thumb Code     0  libinit2.o(.ARM.Collect$$libinit$$00000017)
    __rt_lib_init_lc_numeric_1               0x00000323   Thumb Code     0  libinit2.o(.ARM.Collect$$libinit$$00000019)
    __rt_lib_init_lc_time_1                  0x00000323   Thumb Code     0  libinit2.o(.ARM.Collect$$libinit$$0000001B)
    __rt_lib_init_preinit_1                  0x00000323   Thumb Code     0  libinit2.o(.ARM.Collect$$libinit$$00000006)
    __rt_lib_init_rand_1                     0x00000323   Thumb Code     0  libinit2.o(.ARM.Collect$$libinit$$00000010)
    __rt_lib_init_relocate_pie_1             0x00000323   Thumb Code     0  libinit2.o(.ARM.Collect$$libinit$$00000004)
    __rt_lib_init_signal_1                   0x00000323   Thumb Code     0  libinit2.o(.ARM.Collect$$libinit$$0000001F)
    __rt_lib_init_stdio_1                    0x00000323   Thumb Code     0  libinit2.o(.ARM.Collect$$libinit$$00000027)
    __rt_lib_init_user_alloc_1               0x00000323   Thumb Code     0  libinit2.o(.ARM.Collect$$libinit$$0000000E)
    __rt_lib_init_cpp_1                      0x00000327   Thumb Code     0  libinit2.o(.ARM.Collect$$libinit$$00000034)
    __rt_lib_init_return                     0x00000327   Thumb Code     0  libinit2.o(.ARM.Collect$$libinit$$00000035)
    __rt_lib_shutdown                        0x00000329   Thumb Code     0  libshutdown.o(.ARM.Collect$$libshutdown$$00000000)
    __rt_lib_shutdown_cpp_1                  0x0000032b   Thumb Code     0  libshutdown2.o(.ARM.Collect$$libshutdown$$00000002)
    __rt_lib_shutdown_fp_trap_1              0x0000032b   Thumb Code     0  libshutdown2.o(.ARM.Collect$$libshutdown$$00000007)
    __rt_lib_shutdown_heap_1                 0x0000032b   Thumb Code     0  libshutdown2.o(.ARM.Collect$$libshutdown$$0000000F)
    __rt_lib_shutdown_return                 0x0000032b   Thumb Code     0  libshutdown2.o(.ARM.Collect$$libshutdown$$00000010)
    __rt_lib_shutdown_signal_1               0x0000032b   Thumb Code     0  libshutdown2.o(.ARM.Collect$$libshutdown$$0000000A)
    __rt_lib_shutdown_stdio_1                0x0000032b   Thumb Code     0  libshutdown2.o(.ARM.Collect$$libshutdown$$00000004)
    __rt_lib_shutdown_user_alloc_1           0x0000032b   Thumb Code     0  libshutdown2.o(.ARM.Collect$$libshutdown$$0000000C)
    __rt_entry                               0x0000032d   Thumb Code     0  __rtentry.o(.ARM.Collect$$rtentry$$00000000)
    __rt_entry_presh_1                       0x0000032d   Thumb Code     0  __rtentry2.o(.ARM.Collect$$rtentry$$00000002)
    __rt_entry_sh                            0x0000032d   Thumb Code     0  __rtentry4.o(.ARM.Collect$$rtentry$$00000004)
    __rt_entry_li                            0x00000333   Thumb Code     0  __rtentry2.o(.ARM.Collect$$rtentry$$0000000A)
    __rt_entry_postsh_1                      0x00000333   Thumb Code     0  __rtentry2.o(.ARM.Collect$$rtentry$$00000009)
    __rt_entry_main                          0x00000337   Thumb Code     0  __rtentry2.o(.ARM.Collect$$rtentry$$0000000D)
    __rt_entry_postli_1                      0x00000337   Thumb Code     0  __rtentry2.o(.ARM.Collect$$rtentry$$0000000C)
    __rt_exit                                0x0000033f   Thumb Code     0  rtexit.o(.ARM.Collect$$rtexit$$00000000)
    __rt_exit_ls                             0x00000341   Thumb Code     0  rtexit2.o(.ARM.Collect$$rtexit$$00000003)
    __rt_exit_prels_1                        0x00000341   Thumb Code     0  rtexit2.o(.ARM.Collect$$rtexit$$00000002)
    __rt_exit_exit                           0x00000345   Thumb Code     0  rtexit2.o(.ARM.Collect$$rtexit$$00000004)
    Reset_Handler                            0x0000034d   Thumb Code     4  startup_tm4c123.o(.text)
    DisableInterrupts                        0x00000351   Thumb Code     4  startup_tm4c123.o(.text)
    EnableInterrupts                         0x00000355   Thumb Code     4  startup_tm4c123.o(.text)
    StartCritical                            0x00000359   Thumb Code     8  startup_tm4c123.o(.text)
    EndCritical                              0x00000361   Thumb Code     6  startup_tm4c123.o(.text)
    WaitForInterrupt                         0x00000367   Thumb Code     4  startup_tm4c123.o(.text)
    NMI_Handler                              0x0000036b   Thumb Code     2  startup_tm4c123.o(.text)
    HardFault_Handler                        0x0000036d   Thumb Code     2  startup_tm4c123.o(.text)
    MemManage_Handler                        0x0000036f   Thumb Code     2  startup_tm4c123.o(.text)
    BusFault_Handler                         0x00000371   Thumb Code     2  startup_tm4c123.o(.text)
    UsageFault_Handler                       0x00000373   Thumb Code     2  startup_tm4c123.o(.text)
    SVC_Handler                              0x00000375   Thumb Code     2  startup_tm4c123.o(.text)
    DebugMon_Handler                         0x00000377   Thumb Code     2  startup_tm4c123.o(.text)
    PendSV_Handler                           0x00000379   Thumb Code     2  startup_tm4c123.o(.text)
    SysTick_Handler                          0x0000037b   Thumb Code     2  startup_tm4c123.o(.text)
    GPIOA_Handler                            0x0000037d   Thumb Code     2  startup_tm4c123.o(.text)
    GPIOB_Handler                            0x0000037f   Thumb Code     2  startup_tm4c123.o(.text)
    GPIOC_Handler                            0x00000381   Thumb Code     2  startup_tm4c123.o(.text)
    GPIOD_Handler                            0x00000383   Thumb Code     2  startup_tm4c123.o(.text)
    GPIOE_Handler                            0x00000385   Thumb Code     2  startup_tm4c123.o(.text)
    UART0_Handler                            0x00000387   Thumb Code     2  startup_tm4c123.o(.text)
    UART1_Handler                            0x00000389   Thumb Code     2  startup_tm4c123.o(.text)
    SSI0_Handler                             0x0000038b   Thumb Code     2  startup_tm4c123.o(.text)
    I2C0_Handler                             0x0000038d   Thumb Code     2  startup_tm4c123.o(.text)
    PMW0_FAULT_Handler                       0x0000038f   Thumb Code     2  startup_tm4c123.o(.text)
    PWM0_0_Handler                           0x00000391   Thumb Code     2  startup_tm4c123.o(.text)
    PWM0_1_Handler                           0x00000393   Thumb Code     2  startup_tm4c123.o(.text)
    PWM0_2_Handler                           0x00000395   Thumb Code     2  startup_tm4c123.o(.text)
    QEI0_Handler                             0x00000397   Thumb Code     2  startup_tm4c123.o(.text)
    ADC0SS0_Handler                          0x00000399   Thumb Code     2  startup_tm4c123.o(.text)
    ADC0SS1_Handler                          0x0000039b   Thumb Code     2  startup_tm4c123.o(.text)
    ADC0SS2_Handler                          0x0000039d   Thumb Code     2  startup_tm4c123.o(.text)
    ADC0SS3_Handler                          0x0000039f   Thumb Code     2  startup_tm4c123.o(.text)
    WDT0_Handler                             0x000003a1   Thumb Code     2  startup_tm4c123.o(.text)
    TIMER0B_Handler                          0x000003a5   Thumb Code     2  startup_tm4c123.o(.text)
    TIMER1B_Handler                          0x000003a9   Thumb Code     2  startup_tm4c123.o(.text)
    TIMER2A_Handler                          0x000003ab   Thumb Code     2  startup_tm4c123.o(.text)
    TIMER2B_Handler                          0x000003ad   Thumb Code     2  startup_tm4c123.o(.text)
    COMP0_Handler                            0x000003af   Thumb Code     2  startup_tm4c123.o(.text)
    COMP1_Handler                            0x000003b1   Thumb Code     2  startup_tm4c123.o(.text)
    COMP2_Handler                            0x000003b3   Thumb Code     2  startup_tm4c123.o(.text)
    SYSCTL_Handler                           0x000003b5   Thumb Code     2  startup_tm4c123.o(.text)
    FLASH_Handler                            0x000003b7   Thumb Code     2  startup_tm4c123.o(.text)
    GPIOF_Handler                            0x000003b9   Thumb Code     2  startup_tm4c123.o(.text)
    GPIOG_Handler                            0x000003bb   Thumb Code     2  startup_tm4c123.o(.text)
    GPIOH_Handler                            0x000003bd   Thumb Code     2  startup_tm4c123.o(.text)
    UART2_Handler                            0x000003bf   Thumb Code     2  startup_tm4c123.o(.text)
    SSI1_Handler                             0x000003c1   Thumb Code     2  startup_tm4c123.o(.text)
    TIMER3A_Handler                          0x000003c3   Thumb Code     2  startup_tm4c123.o(.text)
    TIMER3B_Handler                          0x000003c5   Thumb Code     2  startup_tm4c123.o(.text)
    I2C1_Handler                             0x000003c7   Thumb Code     2  startup_tm4c123.o(.text)
    QEI1_Handler                             0x000003c9   Thumb Code     2  startup_tm4c123.o(.text)
    CAN0_Handler                             0x000003cb   Thumb Code     2  startup_tm4c123.o(.text)
    CAN1_Handler                             0x000003cd   Thumb Code     2  startup_tm4c123.o(.text)
    CAN2_Handler                             0x000003cf   Thumb Code     2  startup_tm4c123.o(.text)
    HIB_Handler                              0x000003d1   Thumb Code     2  startup_tm4c123.o(.text)
    USB0_Handler                             0x000003d3   Thumb Code     2  startup_tm4c123.o(.text)
    PWM0_3_Handler                           0x000003d5   Thumb Code     2  startup_tm4c123.o(.text)
    UDMA_Handler                             0x000003d7   Thumb Code     2  startup_tm4c123.o(.text)
    UDMAERR_Handler                          0x000003d9   Thumb Code     2  startup_tm4c123.o(.text)
    ADC1SS0_Handler                          0x000003db   Thumb Code     2  startup_tm4c123.o(.text)
    ADC1SS1_Handler                          0x000003dd   Thumb Code     2  startup_tm4c123.o(.text)
    ADC1SS2_Handler                          0x000003df   Thumb Code     2  startup_tm4c123.o(.text)
    ADC1SS3_Handler                          0x000003e1   Thumb Code     2  startup_tm4c123.o(.text)
    GPIOJ_Handler                            0x000003e3   Thumb Code     2  startup_tm4c123.o(.text)
    GPIOK_Handler                            0x000003e5   Thumb Code     2  startup_tm4c123.o(.text)
    GPIOL_Handler                            0x000003e7   Thumb Code     2  startup_tm4c123.o(.text)
    SSI2_Handler                             0x000003e9   Thumb Code     2  startup_tm4c123.o(.text)
    SSI3_Handler                             0x000003eb   Thumb Code     2  startup_tm4c123.o(.text)
    UART3_Handler                            0x000003ed   Thumb Code     2  startup_tm4c123.o(.text)
    UART4_Handler                            0x000003ef   Thumb Code     2  startup_tm4c123.o(.text)
    UART5_Handler                            0x000003f1   Thumb Code     2  startup_tm4c123.o(.text)
    UART6_Handler                            0x000003f3   Thumb Code     2  startup_tm4c123.o(.text)
    UART7_Handler                            0x000003f5   Thumb Code     2  startup_tm4c123.o(.text)
    I2C2_Handler                             0x000003f7   Thumb Code     2  startup_tm4c123.o(.text)
    I2C3_Handler                             0x000003f9   Thumb Code     2  startup_tm4c123.o(.text)
    TIMER4A_Handler                          0x000003fb   Thumb Code     2  startup_tm4c123.o(.text)
    TIMER4B_Handler                          0x000003fd   Thumb Code     2  startup_tm4c123.o(.text)
    TIMER5B_Handler                          0x00000401   Thumb Code     2  startup_tm4c123.o(.text)
    WTIMER0A_Handler                         0x00000403   Thumb Code     2  startup_tm4c123.o(.text)
    WTIMER0B_Handler                         0x00000405   Thumb Code     2  startup_tm4c123.o(.text)
    WTIMER1A_Handler                         0x00000407   Thumb Code     2  startup_tm4c123.o(.text)
    WTIMER1B_Handler                         0x00000409   Thumb Code     2  startup_tm4c123.o(.text)
    WTIMER2A_Handler                         0x0000040b   Thumb Code     2  startup_tm4c123.o(.text)
    WTIMER2B_Handler                         0x0000040d   Thumb Code     2  startup_tm4c123.o(.text)
    WTIMER3A_Handler                         0x0000040f   Thumb Code     2  startup_tm4c123.o(.text)
    WTIMER3B_Handler                         0x00000411   Thumb Code     2  startup_tm4c123.o(.text)
    WTIMER4A_Handler                         0x00000413   Thumb Code     2  startup_tm4c123.o(.text)
    WTIMER4B_Handler                         0x00000415   Thumb Code     2  startup_tm4c123.o(.text)
    WTIMER5A_Handler                         0x00000417   Thumb Code     2  startup_tm4c123.o(.text)
    WTIMER5B_Handler                         0x00000419   Thumb Code     2  startup_tm4c123.o(.text)
    FPU_Handler                              0x0000041b   Thumb Code     2  startup_tm4c123.o(.text)
    I2C4_Handler                             0x0000041d   Thumb Code     2  startup_tm4c123.o(.text)
    I2C5_Handler                             0x0000041f   Thumb Code     2  startup_tm4c123.o(.text)
    GPIOM_Handler                            0x00000421   Thumb Code     2  startup_tm4c123.o(.text)
    GPION_Handler                            0x00000423   Thumb Code     2  startup_tm4c123.o(.text)
    QEI2_Handler                             0x00000425   Thumb Code     2  startup_tm4c123.o(.text)
    GPIOP0_Handler                           0x00000427   Thumb Code     2  startup_tm4c123.o(.text)
    GPIOP1_Handler                           0x00000429   Thumb Code     2  startup_tm4c123.o(.text)
    GPIOP2_Handler                           0x0000042b   Thumb Code     2  startup_tm4c123.o(.text)
    GPIOP3_Handler                           0x0000042d   Thumb Code     2  startup_tm4c123.o(.text)
    GPIOP4_Handler                           0x0000042f   Thumb Code     2  startup_tm4c123.o(.text)
    GPIOP5_Handler                           0x00000431   Thumb Code     2  startup_tm4c123.o(.text)
    GPIOP6_Handler                           0x00000433   Thumb Code     2  startup_tm4c123.o(.text)
    GPIOP7_Handler                           0x00000435   Thumb Code     2  startup_tm4c123.o(.text)
    GPIOQ0_Handler                           0x00000437   Thumb Code     2  startup_tm4c123.o(.text)
    GPIOQ1_Handler                           0x00000439   Thumb Code     2  startup_tm4c123.o(.text)
    GPIOQ2_Handler                           0x0000043b   Thumb Code     2  startup_tm4c123.o(.text)
    GPIOQ3_Handler                           0x0000043d   Thumb Code     2  startup_tm4c123.o(.text)
    GPIOQ4_Handler                           0x0000043f   Thumb Code     2  startup_tm4c123.o(.text)
    GPIOQ5_Handler                           0x00000441   Thumb Code     2  startup_tm4c123.o(.text)
    GPIOQ6_Handler                           0x00000443   Thumb Code     2  startup_tm4c123.o(.text)
    GPIOQ7_Handler                           0x00000445   Thumb Code     2  startup_tm4c123.o(.text)
    GPIOR_Handler                            0x00000447   Thumb Code     2  startup_tm4c123.o(.text)
    GPIOS_Handler                            0x00000449   Thumb Code     2  startup_tm4c123.o(.text)
    PMW1_0_Handler                           0x0000044b   Thumb Code     2  startup_tm4c123.o(.text)
    PWM1_1_Handler                           0x0000044d   Thumb Code     2  startup_tm4c123.o(.text)
    PWM1_2_Handler                           0x0000044f   Thumb Code     2  startup_tm4c123.o(.text)
    PWM1_3_Handler                           0x00000451   Thumb Code     2  startup_tm4c123.o(.text)
    PWM1_FAULT_Handler                       0x00000453   Thumb Code     2  startup_tm4c123.o(.text)
    __user_initial_stackheap                 0x00000455   Thumb Code     0  startup_tm4c123.o(.text)
    init()                                   0x00000485   Thumb Code    34  main.o(.text)
    main                                     0x000004a9   Thumb Code    64  main.o(.text)
    DAC_Init()                               0x000004f1   Thumb Code    58  dac.o(.text)
    DAC_Out(unsigned char)                   0x0000052d   Thumb Code    40  dac.o(.text)
    PLL_Init(unsigned int)                   0x00000555   Thumb Code   138  pll.o(.text)
    Random_Init(unsigned int)                0x000005e1   Thumb Code    20  random.o(.text)
    Random32()                               0x000005f5   Thumb Code    36  random.o(.text)
    Random()                                 0x00000619   Thumb Code    36  random.o(.text)
    Delay1ms(unsigned int)                   0x0000063d   Thumb Code    46  st7735.o(.text)
    ST7735_InitB()                           0x0000066d   Thumb Code    50  st7735.o(.text)
    ST7735_SetCursor(unsigned int, unsigned int) 0x00000845   Thumb Code    54  st7735.o(.text)
    ST7735_FillScreen(unsigned short)        0x0000087d   Thumb Code    52  st7735.o(.text)
    ST7735_InitR(initRFlags)                 0x000008b1   Thumb Code   166  st7735.o(.text)
    ST7735_DrawPixel(short, short, unsigned short) 0x00000a9d   Thumb Code   116  st7735.o(.text)
    ST7735_DrawFastVLine(short, short, short, unsigned short) 0x00000be5   Thumb Code   204  st7735.o(.text)
    ST7735_DrawFastHLine(short, short, short, unsigned short) 0x00000cb1   Thumb Code   204  st7735.o(.text)
    ST7735_FillRect(short, short, short, short, unsigned short) 0x00000d7d   Thumb Code   304  st7735.o(.text)
    ST7735_DrawSmallCircle(short, short, unsigned short) 0x00000ead   Thumb Code   218  st7735.o(.text)
    ST7735_DrawCircle(short, short, unsigned short) 0x00000f89   Thumb Code   218  st7735.o(.text)
    ST7735_Color565(unsigned char, unsigned char, unsigned char) 0x00001065   Thumb Code    48  st7735.o(.text)
    ST7735_SwapColor(unsigned short)         0x00001095   Thumb Code    28  st7735.o(.text)
    ST7735_AddColors(unsigned short, unsigned short) 0x000010b1   Thumb Code   152  st7735.o(.text)
    ST7735_DrawBitmap(short, short, unsigned short const*, short, short) 0x00001149   Thumb Code   564  st7735.o(.text)
    ST7735_DrawMaskedShape(short, short, bool const*, unsigned short, unsigned short, short, short) 0x0000137d   Thumb Code   610  st7735.o(.text)
    ST7735_DrawCharS(short, short, char, short, short, unsigned char) 0x000015e1   Thumb Code   438  st7735.o(.text)
    ST7735_DrawChar(short, short, char, short, short, unsigned char) 0x00001799   Thumb Code   440  st7735.o(.text)
    ST7735_DrawString(unsigned short, unsigned short, char*, short) 0x00001951   Thumb Code   154  st7735.o(.text)
    fillmessage(unsigned int)                0x000019ed   Thumb Code   112  st7735.o(.text)
    ST7735_OutUDec(unsigned int)             0x00001a5d   Thumb Code   166  st7735.o(.text)
    ST7735_OutFix(unsigned int)              0x00001b05   Thumb Code   190  st7735.o(.text)
    ST7735_OutString                         0x00001bc5   Thumb Code    36  st7735.o(.text)
    ST7735_OutChar                           0x00001be9   Thumb Code   338  st7735.o(.text)
    ST7735_SetRotation(unsigned char)        0x00001d3d   Thumb Code   294  st7735.o(.text)
    ST7735_InvertDisplay(int)                0x00001e65   Thumb Code    36  st7735.o(.text)
    ST7735_PlotClear(int, int)               0x00001e89   Thumb Code   144  st7735.o(.text)
    ST7735_PlotPoint(int)                    0x00001f19   Thumb Code   222  st7735.o(.text)
    ST7735_PlotLine(int)                     0x00001ff9   Thumb Code   462  st7735.o(.text)
    ST7735_PlotPoints(int, int)              0x000021c9   Thumb Code   314  st7735.o(.text)
    ST7735_PlotBar(int)                      0x00002305   Thumb Code   138  st7735.o(.text)
    ST7735_PlotdBfs(int)                     0x00002391   Thumb Code    96  st7735.o(.text)
    ST7735_PlotNext()                        0x000023f1   Thumb Code    48  st7735.o(.text)
    ST7735_PlotNextErase()                   0x00002421   Thumb Code    90  st7735.o(.text)
    ST7735_SetTextColor(unsigned short)      0x0000247d   Thumb Code    24  st7735.o(.text)
    Output_Init()                            0x00002495   Thumb Code    16  st7735.o(.text)
    Output_Clear()                           0x000024a5   Thumb Code    10  st7735.o(.text)
    Output_Off()                             0x000024b1   Thumb Code     8  st7735.o(.text)
    Output_On()                              0x000024b9   Thumb Code     8  st7735.o(.text)
    Output_Color(unsigned int)               0x000024c1   Thumb Code    18  st7735.o(.text)
    Sound_Init()                             0x000024d5   Thumb Code    24  sound.o(.text)
    Sound_Click()                            0x00002535   Thumb Code    38  sound.o(.text)
    Sound_Move()                             0x00002581   Thumb Code    20  sound.o(.text)
    Sound_Check()                            0x00002595   Thumb Code    20  sound.o(.text)
    Sound_Capture()                          0x000025a9   Thumb Code    20  sound.o(.text)
    Sound_Promotion()                        0x000025bd   Thumb Code    20  sound.o(.text)
    Sound_Checkmate()                        0x000025d1   Thumb Code    20  sound.o(.text)
    Timer0_Init(void (*)(), unsigned int)    0x000025e5   Thumb Code   140  timer0.o(.text)
    TIMER0A_Handler                          0x00002671   Thumb Code    26  timer0.o(.text)
    Timer1_Init(void (*)(), unsigned int)    0x0000268d   Thumb Code   154  timer1.o(.text)
    TIMER1A_Handler                          0x00002729   Thumb Code    28  timer1.o(.text)
    UART_Init()                              0x00002745   Thumb Code   198  uart.o(.text)
    UART_TransmitAndWaitForAck(unsigned char*) 0x0000280d   Thumb Code     8  uart.o(.text)
    UART_CheckInbox()                        0x00002815   Thumb Code    22  uart.o(.text)
    UART_GetInbox()                          0x00002831   Thumb Code    24  uart.o(.text)
    TExaS_Init()                             0x00002849   Thumb Code   150  texas.o(.text)
    UART0_Init()                             0x000028e1   Thumb Code   192  texas.o(.text)
    ADC1_Init()                              0x000029a1   Thumb Code   244  texas.o(.text)
    TIMER5A_Handler                          0x00002a95   Thumb Code    36  texas.o(.text)
    TExaS_Stop()                             0x00002ab9   Thumb Code    28  texas.o(.text)
    InputManager_Periodic()                  0x00002ad5   Thumb Code   438  inputmanager.o(.text)
    InputManager_Init(unsigned int)          0x00002c8d   Thumb Code   364  inputmanager.o(.text)
    InputManager_GetInput()                  0x00002df9   Thumb Code    10  inputmanager.o(.text)
    InputManager_SetNumPotPositions(unsigned int) 0x00002e05   Thumb Code    40  inputmanager.o(.text)
    ChessBoard::ChessBoard()                 0x00002e2d   Thumb Code    16  chessboard.o(.text)
    ChessBoard::ChessBoard__sub_object()     0x00002e2d   Thumb Code    16  chessboard.o(.text)
    ChessBoard::start()                      0x00002e3d   Thumb Code   214  chessboard.o(.text)
    ChessBoard::calculatePossiblePieces()    0x00002f15   Thumb Code   246  chessboard.o(.text)
    ChessBoard::getSquareColor(unsigned char, unsigned char) 0x0000300d   Thumb Code   426  chessboard.o(.text)
    ChessBoard::drawSquare(unsigned char, unsigned char) 0x000031b9   Thumb Code   280  chessboard.o(.text)
    ChessBoard::addOption(unsigned char, unsigned char) 0x000032d1   Thumb Code    46  chessboard.o(.text)
    ChessBoard::sortOptions()                0x00003301   Thumb Code   206  chessboard.o(.text)
    ChessBoard::calculatePossibleMoves(unsigned char, unsigned char, bool) 0x000033d1   Thumb Code  4330  chessboard.o(.text)
    ChessBoard::isKingInCheck(bool)          0x000044bd   Thumb Code   590  chessboard.o(.text)
    ChessBoard::wouldMoveCauseCheck(unsigned char, unsigned char, unsigned char, unsigned char, bool) 0x0000470d   Thumb Code   196  chessboard.o(.text)
    ChessBoard::completeTurn()               0x000047d1   Thumb Code   158  chessboard.o(.text)
    ChessBoard::acceptMessage(unsigned char*) 0x00004871   Thumb Code   196  chessboard.o(.text)
    ChessBoard::drawAll()                    0x00004935   Thumb Code    92  chessboard.o(.text)
    ChessBoard::update(InputData&)           0x00004991   Thumb Code  1618  chessboard.o(.text)
    GetTranslatedString(StringTitle, Language) 0x00004fe5   Thumb Code    42  language.o(.text)
    __use_two_region_memory                  0x0000500f   Thumb Code     2  heapauxi.o(.text)
    __rt_heap_escrow$2region                 0x00005011   Thumb Code     2  heapauxi.o(.text)
    __rt_heap_expand$2region                 0x00005013   Thumb Code     2  heapauxi.o(.text)
    __cpp_initialize__aeabi_                 0x00005015   Thumb Code    28  init_aeabi.o(.text)
    __user_setup_stackheap                   0x00005039   Thumb Code    74  sys_stackheap_outer.o(.text)
    exit                                     0x00005083   Thumb Code    18  exit.o(.text)
    __user_libspace                          0x00005095   Thumb Code     8  libspace.o(.text)
    __user_perproc_libspace                  0x00005095   Thumb Code     0  libspace.o(.text)
    __user_perthread_libspace                0x00005095   Thumb Code     0  libspace.o(.text)
    __I$use$semihosting                      0x0000509d   Thumb Code     0  use_no_semi.o(.text)
    __use_no_semihosting_swi                 0x0000509d   Thumb Code     2  use_no_semi.o(.text)
    __semihosting_library_function           0x0000509f   Thumb Code     0  indicate_semi.o(.text)
    _sys_exit                                0x000050a1   Thumb Code     8  sys_exit.o(.text)
    Region$$Table$$Base                      0x00009328   Number         0  anon$$obj.o(Region$$Table)
    Region$$Table$$Limit                     0x00009348   Number         0  anon$$obj.o(Region$$Table)
    SHT$$INIT_ARRAY$$Base                    0x00009348   Number         0  main.o(.init_array)
    SHT$$INIT_ARRAY$$Limit                   0x0000934c   Number         0  init_aeabi.o(.init_array)
    StTextColor                              0x20000000   Data           2  st7735.o(.data.StTextColor)
    stringData                               0x20000014   Data        1400  language.o(.data.stringData)
    __libspace_start                         0x20000590   Data          96  libspace.o(.bss)
    Message                                  0x200005f0   Data          12  st7735.o(.bss.Message)
    __temporary_stack_top$libspace           0x200005f0   Data           0  libspace.o(.bss)
    Messageindex                             0x200005fc   Data           4  st7735.o(.bss.Messageindex)
    PeriodicTask0                            0x20000600   Data           4  timer0.o(.bss.PeriodicTask0)
    PeriodicTask1                            0x20000604   Data           4  timer1.o(.bss.PeriodicTask1)
    StX                                      0x20000608   Data           4  st7735.o(.bss.StX)
    StY                                      0x2000060c   Data           4  st7735.o(.bss.StY)
    X                                        0x20000610   Data           4  st7735.o(.bss.X)
    Ymax                                     0x20000614   Data           4  st7735.o(.bss.Ymax)
    Ymin                                     0x20000618   Data           4  st7735.o(.bss.Ymin)
    Yrange                                   0x2000061c   Data           4  st7735.o(.bss.Yrange)
    chessBoard                               0x20000638   Data         228  main.o(.bss.chessBoard)
    inputData                                0x2000071c   Data          20  inputmanager.o(.bss.inputData)
    lastj                                    0x20000730   Data           4  st7735.o(.bss.lastj)
    ptr                                      0x20000734   Data           4  sound.o(.bss.ptr)
    remaining                                0x20000738   Data           4  sound.o(.bss.remaining)



==============================================================================

Memory Map of the image

  Image Entry point : 0x0000026d

  Load Region LR_IROM1 (Base: 0x00000000, Size: 0x000098e0, Max: 0x00040000, ABSOLUTE, COMPRESSED[0x000094d0])

    Execution Region ER_IROM1 (Exec base: 0x00000000, Load base: 0x00000000, Size: 0x0000934c, Max: 0x00040000, ABSOLUTE)

    Exec Addr    Load Addr    Size         Type   Attr      Idx    E Section Name        Object

    0x00000000   0x00000000   0x0000026c   Data   RO            3    RESET               startup_tm4c123.o
    0x0000026c   0x0000026c   0x00000008   Code   RO          162  * !!!main             c_w.l(__main.o)
    0x00000274   0x00000274   0x00000034   Code   RO          339    !!!scatter          c_w.l(__scatter.o)
    0x000002a8   0x000002a8   0x0000005a   Code   RO          337    !!dczerorl2         c_w.l(__dczerorl2.o)
    0x00000302   0x00000302   0x00000002   PAD
    0x00000304   0x00000304   0x0000001c   Code   RO          341    !!handler_zi        c_w.l(__scatter_zi.o)
    0x00000320   0x00000320   0x00000002   Code   RO          254    .ARM.Collect$$libinit$$00000000  c_w.l(libinit.o)
    0x00000322   0x00000322   0x00000000   Code   RO          172    .ARM.Collect$$libinit$$00000002  c_w.l(libinit2.o)
    0x00000322   0x00000322   0x00000000   Code   RO          174    .ARM.Collect$$libinit$$00000004  c_w.l(libinit2.o)
    0x00000322   0x00000322   0x00000000   Code   RO          176    .ARM.Collect$$libinit$$00000006  c_w.l(libinit2.o)
    0x00000322   0x00000322   0x00000000   Code   RO          179    .ARM.Collect$$libinit$$0000000C  c_w.l(libinit2.o)
    0x00000322   0x00000322   0x00000000   Code   RO          181    .ARM.Collect$$libinit$$0000000E  c_w.l(libinit2.o)
    0x00000322   0x00000322   0x00000000   Code   RO          183    .ARM.Collect$$libinit$$00000010  c_w.l(libinit2.o)
    0x00000322   0x00000322   0x00000000   Code   RO          186    .ARM.Collect$$libinit$$00000013  c_w.l(libinit2.o)
    0x00000322   0x00000322   0x00000000   Code   RO          188    .ARM.Collect$$libinit$$00000015  c_w.l(libinit2.o)
    0x00000322   0x00000322   0x00000000   Code   RO          190    .ARM.Collect$$libinit$$00000017  c_w.l(libinit2.o)
    0x00000322   0x00000322   0x00000000   Code   RO          192    .ARM.Collect$$libinit$$00000019  c_w.l(libinit2.o)
    0x00000322   0x00000322   0x00000000   Code   RO          194    .ARM.Collect$$libinit$$0000001B  c_w.l(libinit2.o)
    0x00000322   0x00000322   0x00000000   Code   RO          196    .ARM.Collect$$libinit$$0000001D  c_w.l(libinit2.o)
    0x00000322   0x00000322   0x00000000   Code   RO          198    .ARM.Collect$$libinit$$0000001F  c_w.l(libinit2.o)
    0x00000322   0x00000322   0x00000000   Code   RO          200    .ARM.Collect$$libinit$$00000021  c_w.l(libinit2.o)
    0x00000322   0x00000322   0x00000000   Code   RO          202    .ARM.Collect$$libinit$$00000023  c_w.l(libinit2.o)
    0x00000322   0x00000322   0x00000000   Code   RO          204    .ARM.Collect$$libinit$$00000025  c_w.l(libinit2.o)
    0x00000322   0x00000322   0x00000000   Code   RO          206    .ARM.Collect$$libinit$$00000027  c_w.l(libinit2.o)
    0x00000322   0x00000322   0x00000000   Code   RO          210    .ARM.Collect$$libinit$$0000002E  c_w.l(libinit2.o)
    0x00000322   0x00000322   0x00000000   Code   RO          212    .ARM.Collect$$libinit$$00000030  c_w.l(libinit2.o)
    0x00000322   0x00000322   0x00000000   Code   RO          214    .ARM.Collect$$libinit$$00000032  c_w.l(libinit2.o)
    0x00000322   0x00000322   0x00000004   Code   RO          215    .ARM.Collect$$libinit$$00000033  c_w.l(libinit2.o)
    0x00000326   0x00000326   0x00000000   Code   RO          216    .ARM.Collect$$libinit$$00000034  c_w.l(libinit2.o)
    0x00000326   0x00000326   0x00000002   Code   RO          217    .ARM.Collect$$libinit$$00000035  c_w.l(libinit2.o)
    0x00000328   0x00000328   0x00000002   Code   RO          296    .ARM.Collect$$libshutdown$$00000000  c_w.l(libshutdown.o)
    0x0000032a   0x0000032a   0x00000000   Code   RO          304    .ARM.Collect$$libshutdown$$00000002  c_w.l(libshutdown2.o)
    0x0000032a   0x0000032a   0x00000000   Code   RO          306    .ARM.Collect$$libshutdown$$00000004  c_w.l(libshutdown2.o)
    0x0000032a   0x0000032a   0x00000000   Code   RO          309    .ARM.Collect$$libshutdown$$00000007  c_w.l(libshutdown2.o)
    0x0000032a   0x0000032a   0x00000000   Code   RO          312    .ARM.Collect$$libshutdown$$0000000A  c_w.l(libshutdown2.o)
    0x0000032a   0x0000032a   0x00000000   Code   RO          314    .ARM.Collect$$libshutdown$$0000000C  c_w.l(libshutdown2.o)
    0x0000032a   0x0000032a   0x00000000   Code   RO          317    .ARM.Collect$$libshutdown$$0000000F  c_w.l(libshutdown2.o)
    0x0000032a   0x0000032a   0x00000002   Code   RO          318    .ARM.Collect$$libshutdown$$00000010  c_w.l(libshutdown2.o)
    0x0000032c   0x0000032c   0x00000000   Code   RO          170    .ARM.Collect$$rtentry$$00000000  c_w.l(__rtentry.o)
    0x0000032c   0x0000032c   0x00000000   Code   RO          223    .ARM.Collect$$rtentry$$00000002  c_w.l(__rtentry2.o)
    0x0000032c   0x0000032c   0x00000006   Code   RO          235    .ARM.Collect$$rtentry$$00000004  c_w.l(__rtentry4.o)
    0x00000332   0x00000332   0x00000000   Code   RO          225    .ARM.Collect$$rtentry$$00000009  c_w.l(__rtentry2.o)
    0x00000332   0x00000332   0x00000004   Code   RO          226    .ARM.Collect$$rtentry$$0000000A  c_w.l(__rtentry2.o)
    0x00000336   0x00000336   0x00000000   Code   RO          228    .ARM.Collect$$rtentry$$0000000C  c_w.l(__rtentry2.o)
    0x00000336   0x00000336   0x00000008   Code   RO          229    .ARM.Collect$$rtentry$$0000000D  c_w.l(__rtentry2.o)
    0x0000033e   0x0000033e   0x00000002   Code   RO          262    .ARM.Collect$$rtexit$$00000000  c_w.l(rtexit.o)
    0x00000340   0x00000340   0x00000000   Code   RO          274    .ARM.Collect$$rtexit$$00000002  c_w.l(rtexit2.o)
    0x00000340   0x00000340   0x00000004   Code   RO          275    .ARM.Collect$$rtexit$$00000003  c_w.l(rtexit2.o)
    0x00000344   0x00000344   0x00000006   Code   RO          276    .ARM.Collect$$rtexit$$00000004  c_w.l(rtexit2.o)
    0x0000034a   0x0000034a   0x00000002   PAD
    0x0000034c   0x0000034c   0x00000128   Code   RO            4    .text               startup_tm4c123.o
    0x00000474   0x00000474   0x0000007c   Code   RO           10    .text               main.o
    0x000004f0   0x000004f0   0x00000064   Code   RO           20    .text               dac.o
    0x00000554   0x00000554   0x0000008a   Code   RO           27    .text               pll.o
    0x000005de   0x000005de   0x00000002   PAD
    0x000005e0   0x000005e0   0x0000005c   Code   RO           34    .text               random.o
    0x0000063c   0x0000063c   0x00001e96   Code   RO           42    .text               st7735.o
    0x000024d2   0x000024d2   0x00000002   PAD
    0x000024d4   0x000024d4   0x00000110   Code   RO           75    .text               sound.o
    0x000025e4   0x000025e4   0x000000a6   Code   RO           90    .text               timer0.o
    0x0000268a   0x0000268a   0x00000002   PAD
    0x0000268c   0x0000268c   0x000000b8   Code   RO           98    .text               timer1.o
    0x00002744   0x00002744   0x00000104   Code   RO          106    .text               uart.o
    0x00002848   0x00002848   0x0000028c   Code   RO          115    .text               texas.o
    0x00002ad4   0x00002ad4   0x00000358   Code   RO          122    .text               inputmanager.o
    0x00002e2c   0x00002e2c   0x000021b6   Code   RO          136    .text               chessboard.o
    0x00004fe2   0x00004fe2   0x00000002   PAD
    0x00004fe4   0x00004fe4   0x0000002a   Code   RO          150    .text               language.o
    0x0000500e   0x0000500e   0x00000006   Code   RO          160    .text               c_w.l(heapauxi.o)
    0x00005014   0x00005014   0x00000024   Code   RO          167    .text               c_w.l(init_aeabi.o)
    0x00005038   0x00005038   0x0000004a   Code   RO          241    .text               c_w.l(sys_stackheap_outer.o)
    0x00005082   0x00005082   0x00000012   Code   RO          243    .text               c_w.l(exit.o)
    0x00005094   0x00005094   0x00000008   Code   RO          259    .text               c_w.l(libspace.o)
    0x0000509c   0x0000509c   0x00000002   Code   RO          270    .text               c_w.l(use_no_semi.o)
    0x0000509e   0x0000509e   0x00000000   Code   RO          272    .text               c_w.l(indicate_semi.o)
    0x0000509e   0x0000509e   0x00000002   PAD
    0x000050a0   0x000050a0   0x0000000c   Code   RO          286    .text               c_w.l(sys_exit.o)
    0x000050ac   0x000050ac   0x0000000d   Data   RO           49    .rodata._ZL10Rcmd2green  st7735.o
    0x000050b9   0x000050b9   0x00000001   PAD
    0x000050ba   0x000050ba   0x00000024   Data   RO           57    .rodata._ZL11smallCircle  st7735.o
    0x000050de   0x000050de   0x00000040   Data   RO          138    .rodata._ZL12initialState  chessboard.o
    0x0000511e   0x0000511e   0x0000055c   Data   RO          144    .rodata._ZL13ChessGraphics  chessboard.o
    0x0000567a   0x0000567a   0x00000004   Data   RO          143    .rodata._ZL16promotionOptions  chessboard.o
    0x0000567e   0x0000567e   0x00000067   Data   RO           47    .rodata._ZL4Bcmd    st7735.o
    0x000056e5   0x000056e5   0x000004fb   Data   RO           59    .rodata._ZL4Font    st7735.o
    0x00005be0   0x00005be0   0x00000485   Data   RO           80    .rodata._ZL4Move    sound.o
    0x00006065   0x00006065   0x00000200   Data   RO           69    .rodata._ZL4dBfs    st7735.o
    0x00006265   0x00006265   0x0000077a   Data   RO           81    .rodata._ZL5Check   sound.o
    0x000069df   0x000069df   0x0000021c   Data   RO           79    .rodata._ZL5Click   sound.o
    0x00006bfb   0x00006bfb   0x0000003b   Data   RO           48    .rodata._ZL5Rcmd1   st7735.o
    0x00006c36   0x00006c36   0x0000002b   Data   RO           53    .rodata._ZL5Rcmd3   st7735.o
    0x00006c61   0x00006c61   0x00000008   Data   RO          141    .rodata._ZL5kingX   chessboard.o
    0x00006c69   0x00006c69   0x00000008   Data   RO          142    .rodata._ZL5kingY   chessboard.o
    0x00006c71   0x00006c71   0x00000001   PAD
    0x00006c72   0x00006c72   0x0000003c   Data   RO           58    .rodata._ZL6circle  st7735.o
    0x00006cae   0x00006cae   0x0000142e   Data   RO           82    .rodata._ZL7Capture  sound.o
    0x000080dc   0x000080dc   0x00000008   Data   RO          139    .rodata._ZL7knightX  chessboard.o
    0x000080e4   0x000080e4   0x00000008   Data   RO          140    .rodata._ZL7knightY  chessboard.o
    0x000080ec   0x000080ec   0x0000000d   Data   RO           52    .rodata._ZL8Rcmd2red  st7735.o
    0x000080f9   0x000080f9   0x0000097d   Data   RO           84    .rodata._ZL9Checkmate  sound.o
    0x00008a76   0x00008a76   0x00000895   Data   RO           83    .rodata._ZL9Promotion  sound.o
    0x0000930b   0x0000930b   0x0000001c   Data   RO           62    .rodata.str1.1      st7735.o
    0x00009327   0x00009327   0x00000001   PAD
    0x00009328   0x00009328   0x00000020   Data   RO          336    Region$$Table       anon$$obj.o
    0x00009348   0x00009348   0x00000004   Data   RO           13    .init_array         main.o
    0x0000934c   0x00009348   0x00000000   Data   RO          165    .init_array         c_w.l(init_aeabi.o)


    Execution Region RW_IRAM1 (Exec base: 0x20000000, Load base: 0x00009350, Size: 0x00000f40, Max: 0x00008000, ABSOLUTE, COMPRESSED[0x00000180])

    Exec Addr    Load Addr    Size         Type   Attr      Idx    E Section Name        Object

    0x20000000   COMPRESSED   0x00000002   Data   RW           46    .data.StTextColor   st7735.o
    0x20000002   COMPRESSED   0x00000002   PAD
    0x20000004   COMPRESSED   0x00000004   Data   RW          130    .data._ZL10lastPotPos  inputmanager.o
    0x20000008   COMPRESSED   0x00000004   Data   RW          128    .data._ZL11potInterval  inputmanager.o
    0x2000000c   COMPRESSED   0x00000004   Data   RW          129    .data._ZL12numPositions  inputmanager.o
    0x20000010   COMPRESSED   0x00000002   Data   RW           55    .data._ZL6_width    st7735.o
    0x20000012   COMPRESSED   0x00000002   Data   RW           56    .data._ZL7_height   st7735.o
    0x20000014   COMPRESSED   0x00000578   Data   RW          152    .data.stringData    language.o
    0x2000058c   COMPRESSED   0x00000004   PAD
    0x20000590        -       0x00000060   Zero   RW          260    .bss                c_w.l(libspace.o)
    0x200005f0        -       0x0000000c   Zero   RW           60    .bss.Message        st7735.o
    0x200005fc        -       0x00000004   Zero   RW           61    .bss.Messageindex   st7735.o
    0x20000600        -       0x00000004   Zero   RW           92    .bss.PeriodicTask0  timer0.o
    0x20000604        -       0x00000004   Zero   RW          100    .bss.PeriodicTask1  timer1.o
    0x20000608        -       0x00000004   Zero   RW           44    .bss.StX            st7735.o
    0x2000060c        -       0x00000004   Zero   RW           45    .bss.StY            st7735.o
    0x20000610        -       0x00000004   Zero   RW           66    .bss.X              st7735.o
    0x20000614        -       0x00000004   Zero   RW           64    .bss.Ymax           st7735.o
    0x20000618        -       0x00000004   Zero   RW           65    .bss.Ymin           st7735.o
    0x2000061c        -       0x00000004   Zero   RW           67    .bss.Yrange         st7735.o
    0x20000620        -       0x00000001   Zero   RW          108    .bss._ZL12mailboxReady  uart.o
    0x20000621   COMPRESSED   0x00000003   PAD
    0x20000624        -       0x00000004   Zero   RW          125    .bss._ZL13millisPerTick  inputmanager.o
    0x20000628        -       0x00000004   Zero   RW           36    .bss._ZL1M          random.o
    0x2000062c        -       0x00000001   Zero   RW          126    .bss._ZL21btnBackAlreadyPressed  inputmanager.o
    0x2000062d        -       0x00000001   Zero   RW          127    .bss._ZL23btnSelectAlreadyPressed  inputmanager.o
    0x2000062e   COMPRESSED   0x00000002   PAD
    0x20000630        -       0x00000004   Zero   RW          109    .bss._ZL7mailbox    uart.o
    0x20000634        -       0x00000001   Zero   RW           50    .bss._ZL8ColStart   st7735.o
    0x20000635        -       0x00000001   Zero   RW           63    .bss._ZL8Rotation   st7735.o
    0x20000636        -       0x00000001   Zero   RW           51    .bss._ZL8RowStart   st7735.o
    0x20000637        -       0x00000001   Zero   RW           54    .bss._ZL8TabColor   st7735.o
    0x20000638        -       0x000000e4   Zero   RW           12    .bss.chessBoard     main.o
    0x2000071c        -       0x00000014   Zero   RW          124    .bss.inputData      inputmanager.o
    0x20000730        -       0x00000004   Zero   RW           68    .bss.lastj          st7735.o
    0x20000734        -       0x00000004   Zero   RW           77    .bss.ptr            sound.o
    0x20000738        -       0x00000004   Zero   RW           78    .bss.remaining      sound.o
    0x2000073c   COMPRESSED   0x00000004   PAD
    0x20000740        -       0x00000400   Zero   RW            2    HEAP                startup_tm4c123.o
    0x20000b40        -       0x00000400   Zero   RW            1    STACK               startup_tm4c123.o


==============================================================================

Image component sizes


      Code (inc. data)   RO Data    RW Data    ZI Data      Debug   Object Name

      8630         14       1472          0          0      14591   chessboard.o
       100          0          0          0          0       1630   dac.o
       856          0          0         12         26       3035   inputmanager.o
        42          0          0       1400          0       1094   language.o
       124          0          4          0        228       1931   main.o
       138          0          0          0          0       1554   pll.o
        92          0          0          0          4       1732   random.o
       272          0      13403          0          8       2949   sound.o
      7830          4       2142          6         48      14775   st7735.o
       296         22        620          0       2048       5584   startup_tm4c123.o
       652          0          0          0          0       2051   texas.o
       166          0          0          0          4       1737   timer0.o
       184          0          0          0          4       1737   timer1.o
       260          0          0          0          5       2148   uart.o

    ----------------------------------------------------------------------
     19650         40      17676       1420       2388      56548   Object Totals
         0          0         32          0          0          0   (incl. Generated)
         8          0          3          2         13          0   (incl. Padding)

    ----------------------------------------------------------------------

      Code (inc. data)   RO Data    RW Data    ZI Data      Debug   Library Member Name

        90          0          0          0          0          0   __dczerorl2.o
         8          0          0          0          0         68   __main.o
         0          0          0          0          0          0   __rtentry.o
        12          0          0          0          0          0   __rtentry2.o
         6          0          0          0          0          0   __rtentry4.o
        52          8          0          0          0          0   __scatter.o
        28          0          0          0          0          0   __scatter_zi.o
        18          0          0          0          0         80   exit.o
         6          0          0          0          0        152   heapauxi.o
         0          0          0          0          0          0   indicate_semi.o
        36          8          0          0          0         80   init_aeabi.o
         2          0          0          0          0          0   libinit.o
         6          0          0          0          0          0   libinit2.o
         2          0          0          0          0          0   libshutdown.o
         2          0          0          0          0          0   libshutdown2.o
         8          4          0          0         96         68   libspace.o
         2          0          0          0          0          0   rtexit.o
        10          0          0          0          0          0   rtexit2.o
        12          4          0          0          0         68   sys_exit.o
        74          0          0          0          0         80   sys_stackheap_outer.o
         2          0          0          0          0         68   use_no_semi.o

    ----------------------------------------------------------------------
       382         24          0          0         96        664   Library Totals
         6          0          0          0          0          0   (incl. Padding)

    ----------------------------------------------------------------------

      Code (inc. data)   RO Data    RW Data    ZI Data      Debug   Library Name

       376         24          0          0         96        664   c_w.l

    ----------------------------------------------------------------------
       382         24          0          0         96        664   Library Totals

    ----------------------------------------------------------------------

==============================================================================


      Code (inc. data)   RO Data    RW Data    ZI Data      Debug   

     20032         64      17676       1420       2484      56812   Grand Totals
     20032         64      17676        384       2484      56812   ELF Image Totals (compressed)
     20032         64      17676        384          0          0   ROM Totals

==============================================================================

    Total RO  Size (Code + RO Data)                37708 (  36.82kB)
    Total RW  Size (RW Data + ZI Data)              3904 (   3.81kB)
    Total ROM Size (Code + RO Data + RW Data)      38092 (  37.20kB)

==============================================================================

